Component: ARM Compiler 5.05 update 1 (build 106) Tool: armlink [4d0efa]

==============================================================================

Section Cross References

    main.o(i.APP_Configuration) refers to sht3x_iic.o(i.Sht3x_Init) for Sht3x_Init
    main.o(i.APP_Configuration) refers to sgp30_iic.o(i.SGP30_Init) for SGP30_Init
    main.o(i.APP_Configuration) refers to bh1750_iic.o(i.BH1750_Init) for BH1750_Init
    main.o(i.APP_Configuration) refers to bmp180_iic.o(i.BMP_Init) for BMP_Init
    main.o(i.APP_Configuration) refers to oled_spi.o(i.OLED_Init) for OLED_Init
    main.o(i.APP_Configuration) refers to oled_spi.o(i.OLED_Clear) for OLED_Clear
    main.o(i.APP_Configuration) refers to nrf24_spi.o(i.NRF24L01_Init) for NRF24L01_Init
    main.o(i.APP_Configuration) refers to printfa.o(i.__0printf) for __2printf
    main.o(i.APP_Configuration) refers to systick.o(i.delay_ms) for delay_ms
    main.o(i.APP_Configuration) refers to nrf24_spi.o(i.NRF24L01_Check) for NRF24L01_Check
    main.o(i.APP_Configuration) refers to led.o(i.HT32F_LEDInit) for HT32F_LEDInit
    main.o(i.NVIC_Configuration) refers to ht32_cm0plus_misc.o(i.NVIC_SetVectorTable) for NVIC_SetVectorTable
    main.o(i.main) refers to usart1.o(i.COM1_Configuration) for COM1_Configuration
    main.o(i.main) refers to memcpya.o(.text) for __aeabi_memcpy
    main.o(i.main) refers to usart1.o(i.Usart_SendStr) for Usart_SendStr
    main.o(i.main) refers to main.o(i.NVIC_Configuration) for NVIC_Configuration
    main.o(i.main) refers to main.o(i.APP_Configuration) for APP_Configuration
    main.o(i.main) refers to memseta.o(.text) for __aeabi_memclr
    main.o(i.main) refers to sht3x_iic.o(i.Sth3x_ReadResult) for Sth3x_ReadResult
    main.o(i.main) refers to d2f.o(.text) for __aeabi_d2f
    main.o(i.main) refers to f2d.o(.text) for __aeabi_f2d
    main.o(i.main) refers to printfa.o(i.__0printf) for __2printf
    main.o(i.main) refers to sgp30_iic.o(i.SGP30_ad_write) for SGP30_ad_write
    main.o(i.main) refers to sgp30_iic.o(i.SGP30_ad_read) for SGP30_ad_read
    main.o(i.main) refers to bh1750_iic.o(i.BH1750_Read_Coversion) for BH1750_Read_Coversion
    main.o(i.main) refers to bmp180_iic.o(i.BMP_ReadOneByte) for BMP_ReadOneByte
    main.o(i.main) refers to bmp180_iic.o(i.BMP180_Convert) for BMP180_Convert
    main.o(i.main) refers to idiv.o(.text) for __aeabi_idivmod
    main.o(i.main) refers to oled_spi.o(i.OLED_ShowString) for OLED_ShowString
    main.o(i.main) refers to printfa.o(i.__0sprintf) for __2sprintf
    main.o(i.main) refers to nrf24_spi.o(i.NRF24L01_TX_Mode) for NRF24L01_TX_Mode
    main.o(i.main) refers to nrf24_spi.o(i.NRF24L01_TxPacket) for NRF24L01_TxPacket
    main.o(i.main) refers to systick.o(i.delay_ms) for delay_ms
    main.o(i.main) refers to led.o(i.HT32F_LEDOn) for HT32F_LEDOn
    main.o(i.main) refers to led.o(i.HT32F_LEDOff) for HT32F_LEDOff
    main.o(i.main) refers to systick.o(i.delay_us) for delay_us
    main.o(i.main) refers to ht32f5xxxx_01_it.o(.data) for URTxWriteIndex
    main.o(i.main) refers to main.o(.constdata) for .constdata
    main.o(i.main) refers to ht32f5xxxx_01_it.o(.data) for URTxBuf
    main.o(i.main) refers to main.o(.data) for .data
    main.o(i.main) refers to ht32f5xxxx_01_it.o(.data) for URRxWriteIndex
    main.o(i.main) refers to ht32f5xxxx_01_it.o(.bss) for URRxBuf
    main.o(i.main) refers to sht3x_iic.o(.data) for SHT_Temp
    main.o(i.main) refers to main.o(.bss) for .bss
    ht32f5xxxx_01_it.o(i.HardFault_Handler) refers to ht32f5xxxx_01_it.o(.data) for .data
    ht32f5xxxx_01_it.o(i.SysTick_Handler) refers to systick.o(i.TimingDelay_Decrement) for TimingDelay_Decrement
    ht32f5xxxx_01_it.o(i.USART0_IRQHandler) refers to ht32f5xxxx_usart.o(i.USART_GetFlagStatus) for USART_GetFlagStatus
    ht32f5xxxx_01_it.o(i.USART0_IRQHandler) refers to ht32f5xxxx_usart.o(i.USART_ReceiveData) for USART_ReceiveData
    ht32f5xxxx_01_it.o(i.USART0_IRQHandler) refers to esp8266.o(.data) for COM0_RX_STA
    ht32f5xxxx_01_it.o(i.USART0_IRQHandler) refers to esp8266.o(.bss) for COM0_RX_BUF
    ht32f5xxxx_01_it.o(i.USART1_IRQHandler) refers to ht32f5xxxx_usart.o(i.USART_GetFlagStatus) for USART_GetFlagStatus
    ht32f5xxxx_01_it.o(i.USART1_IRQHandler) refers to ht32f5xxxx_usart.o(i.USART_ReceiveData) for USART_ReceiveData
    ht32f5xxxx_01_it.o(i.USART1_IRQHandler) refers to ht32f5xxxx_01_it.o(.bss) for .bss
    ht32f5xxxx_01_it.o(i.USART1_IRQHandler) refers to ht32f5xxxx_01_it.o(.data) for .data
    ht32f5xxxx_01_it.o(i.USART1_IRQHandler) refers to usart1.o(.data) for USART_RX_STA
    ht32f5xxxx_01_it.o(i.USART1_IRQHandler) refers to usart1.o(.bss) for USART_RX_BUF
    system_ht32f5xxxx_01.o(i.SystemCoreClockUpdate) refers to system_ht32f5xxxx_01.o(.data) for .data
    startup_ht32f5xxxx_01.o(RESET) refers to startup_ht32f5xxxx_01.o(STACK) for __initial_sp
    startup_ht32f5xxxx_01.o(RESET) refers to ht32f5xxxx_01_it.o(i.NMI_Handler) for NMI_Handler
[...]
    Removing esp8266.o(i.ESP8266_Init), (108 bytes).
    Removing cdcmple.o(.text), (40 bytes).

480 unused section(s) (total 13795 bytes) removed from the image.

==============================================================================

Image Symbol Table

    Local Symbols

    Symbol Name                              Value     Ov Type        Size  Object(Section)

    RESET                                    0x00000000   Section      356  startup_ht32f5xxxx_01.o(RESET)
    ../clib/microlib/division.c              0x00000000   Number         0  uldiv.o ABSOLUTE
    ../clib/microlib/division.c              0x00000000   Number         0  uidiv.o ABSOLUTE
    ../clib/microlib/division.c              0x00000000   Number         0  idiv.o ABSOLUTE
    ../clib/microlib/errno.c                 0x00000000   Number         0  errno.o ABSOLUTE
    ../clib/microlib/init/entry.s            0x00000000   Number         0  entry9b.o ABSOLUTE
    ../clib/microlib/init/entry.s            0x00000000   Number         0  entry10a.o ABSOLUTE
    ../clib/microlib/init/entry.s            0x00000000   Number         0  entry11b.o ABSOLUTE
    ../clib/microlib/init/entry.s            0x00000000   Number         0  entry5.o ABSOLUTE
    ../clib/microlib/init/entry.s            0x00000000   Number         0  entry2.o ABSOLUTE
    ../clib/microlib/init/entry.s            0x00000000   Number         0  entry7a.o ABSOLUTE
    ../clib/microlib/init/entry.s            0x00000000   Number         0  entry7b.o ABSOLUTE
    ../clib/microlib/init/entry.s            0x00000000   Number         0  entry10b.o ABSOLUTE
    ../clib/microlib/init/entry.s            0x00000000   Number         0  entry11a.o ABSOLUTE
    ../clib/microlib/init/entry.s            0x00000000   Number         0  entry8a.o ABSOLUTE
    ../clib/microlib/init/entry.s            0x00000000   Number         0  entry8b.o ABSOLUTE
    ../clib/microlib/init/entry.s            0x00000000   Number         0  entry9a.o ABSOLUTE
    ../clib/microlib/init/entry.s            0x00000000   Number         0  entry.o ABSOLUTE
    ../clib/microlib/longlong.c              0x00000000   Number         0  llshl.o ABSOLUTE
    ../clib/microlib/longlong.c              0x00000000   Number         0  llushr.o ABSOLUTE
    ../clib/microlib/longlong.c              0x00000000   Number         0  llsshr.o ABSOLUTE
    ../clib/microlib/printf/printf.c         0x00000000   Number         0  printf4.o ABSOLUTE
    ../clib/microlib/printf/printf.c         0x00000000   Number         0  printfa.o ABSOLUTE
    ../clib/microlib/printf/printf.c         0x00000000   Number         0  printf8.o ABSOLUTE
    ../clib/microlib/printf/printf.c         0x00000000   Number         0  printf7.o ABSOLUTE
    ../clib/microlib/printf/printf.c         0x00000000   Number         0  printf6.o ABSOLUTE
    ../clib/microlib/printf/printf.c         0x00000000   Number         0  printf5.o ABSOLUTE
    ../clib/microlib/printf/printf.c         0x00000000   Number         0  printf3.o ABSOLUTE
    ../clib/microlib/printf/printf.c         0x00000000   Number         0  printf2.o ABSOLUTE
    ../clib/microlib/printf/printf.c         0x00000000   Number         0  printf1.o ABSOLUTE
    ../clib/microlib/printf/printf.c         0x00000000   Number         0  printf0.o ABSOLUTE
    ../clib/microlib/printf/printf.c         0x00000000   Number         0  printfb.o ABSOLUTE
    ../clib/microlib/printf/stubs.s          0x00000000   Number         0  stubs.o ABSOLUTE
    ../clib/microlib/stdio/streams.c         0x00000000   Number         0  stdout.o ABSOLUTE
    ../clib/microlib/string/memcpy.c         0x00000000   Number         0  memcpyb.o ABSOLUTE
    ../clib/microlib/string/memcpy.c         0x00000000   Number         0  memcpya.o ABSOLUTE
    ../clib/microlib/string/memset.c         0x00000000   Number         0  memseta.o ABSOLUTE
    ../clib/microlib/stubs.s                 0x00000000   Number         0  iusefp.o ABSOLUTE
    ../fplib/microlib/d2f.c                  0x00000000   Number         0  d2f.o ABSOLUTE
    ../fplib/microlib/f2d.c                  0x00000000   Number         0  f2d.o ABSOLUTE
    ../fplib/microlib/fpadd.c                0x00000000   Number         0  dadd.o ABSOLUTE
    ../fplib/microlib/fpdiv.c                0x00000000   Number         0  ddiv.o ABSOLUTE
    ../fplib/microlib/fpepilogue.c           0x00000000   Number         0  depilogue.o ABSOLUTE
    ../fplib/microlib/fpepilogue.c           0x00000000   Number         0  fepilogue.o ABSOLUTE
    ../fplib/microlib/fpfix.c                0x00000000   Number         0  dfixul.o ABSOLUTE
    ../fplib/microlib/fpflt.c                0x00000000   Number         0  dfltui.o ABSOLUTE
    ../fplib/microlib/fpflt.c                0x00000000   Number         0  dflti.o ABSOLUTE
    ../fplib/microlib/fpmul.c                0x00000000   Number         0  dmul.o ABSOLUTE
    ../fplib/microlib/fpscalb.c              0x00000000   Number         0  dscalb.o ABSOLUTE
    ../fplib/microlib/fpsqrt.c               0x00000000   Number         0  dsqrt.o ABSOLUTE
    ../mathlib/dunder.c                      0x00000000   Number         0  dunder.o ABSOLUTE
    ../mathlib/fpclassify.c                  0x00000000   Number         0  fpclassify.o ABSOLUTE
    ../mathlib/poly.c                        0x00000000   Number         0  poly.o ABSOLUTE
    ../mathlib/pow.c                         0x00000000   Number         0  pow.o ABSOLUTE
    ../mathlib/pow.c                         0x00000000   Number         0  pow_x.o ABSOLUTE
    ../mathlib/qnan.c                        0x00000000   Number         0  qnan.o ABSOLUTE
    ../mathlib/sqrt.c                        0x00000000   Number         0  sqrt.o ABSOLUTE
    ../mathlib/sqrt.c                        0x00000000   Number         0  sqrt_x.o ABSOLUTE
    Bsp\\bh1750_iic.c                        0x00000000   Number         0  bh1750_iic.o ABSOLUTE
    Bsp\\bmp180_iic.c                        0x00000000   Number         0  bmp180_iic.o ABSOLUTE
    Bsp\\esp8266.c                           0x00000000   Number         0  esp8266.o ABSOLUTE
    Bsp\\led.c                               0x00000000   Number         0  led.o ABSOLUTE
    Bsp\\nrf24_spi.c                         0x00000000   Number         0  nrf24_spi.o ABSOLUTE
    Bsp\\oled_spi.c                          0x00000000   Number         0  oled_spi.o ABSOLUTE
    Bsp\\sgp30_iic.c                         0x00000000   Number         0  sgp30_iic.o ABSOLUTE
    Bsp\\sht3x_iic.c                         0x00000000   Number         0  sht3x_iic.o ABSOLUTE
    Bsp\\systick.c                           0x00000000   Number         0  systick.o ABSOLUTE
    Bsp\\usart1.c                            0x00000000   Number         0  usart1.o ABSOLUTE
    Bsp\bh1750_iic.c                         0x00000000   Number         0  bh1750_iic.o ABSOLUTE
    Bsp\bmp180_iic.c                         0x00000000   Number         0  bmp180_iic.o ABSOLUTE
    Bsp\esp8266.c                            0x00000000   Number         0  esp8266.o ABSOLUTE
    Bsp\led.c                                0x00000000   Number         0  led.o ABSOLUTE
    Bsp\nrf24_spi.c                          0x00000000   Number         0  nrf24_spi.o ABSOLUTE
    Bsp\oled_spi.c                           0x00000000   Number         0  oled_spi.o ABSOLUTE
    Bsp\sgp30_iic.c                          0x00000000   Number         0  sgp30_iic.o ABSOLUTE
    Bsp\sht3x_iic.c                          0x00000000   Number         0  sht3x_iic.o ABSOLUTE
    Bsp\systick.c                            0x00000000   Number         0  systick.o ABSOLUTE
    Bsp\usart1.c                             0x00000000   Number         0  usart1.o ABSOLUTE
    CMSIS\\system_ht32f5xxxx_01.c            0x00000000   Number         0  system_ht32f5xxxx_01.o ABSOLUTE
    CMSIS\system_ht32f5xxxx_01.c             0x00000000   Number         0  system_ht32f5xxxx_01.o ABSOLUTE
    Config\ht32_op.s                         0x00000000   Number         0  ht32_op.o ABSOLUTE
    Config\startup_ht32f5xxxx_01.s           0x00000000   Number         0  startup_ht32f5xxxx_01.o ABSOLUTE
    FWlib\\src\\ht32_cm0plus_misc.c          0x00000000   Number         0  ht32_cm0plus_misc.o ABSOLUTE
    FWlib\\src\\ht32f5xxxx_adc.c             0x00000000   Number         0  ht32f5xxxx_adc.o ABSOLUTE
    FWlib\\src\\ht32f5xxxx_bftm.c            0x00000000   Number         0  ht32f5xxxx_bftm.o ABSOLUTE
    FWlib\\src\\ht32f5xxxx_ckcu.c            0x00000000   Number         0  ht32f5xxxx_ckcu.o ABSOLUTE
    FWlib\\src\\ht32f5xxxx_cmp.c             0x00000000   Number         0  ht32f5xxxx_cmp.o ABSOLUTE
    FWlib\\src\\ht32f5xxxx_crc.c             0x00000000   Number         0  ht32f5xxxx_crc.o ABSOLUTE
    FWlib\\src\\ht32f5xxxx_ebi.c             0x00000000   Number         0  ht32f5xxxx_ebi.o ABSOLUTE
    FWlib\\src\\ht32f5xxxx_exti.c            0x00000000   Number         0  ht32f5xxxx_exti.o ABSOLUTE
    FWlib\\src\\ht32f5xxxx_flash.c           0x00000000   Number         0  ht32f5xxxx_flash.o ABSOLUTE
    FWlib\\src\\ht32f5xxxx_gpio.c            0x00000000   Number         0  ht32f5xxxx_gpio.o ABSOLUTE
    FWlib\\src\\ht32f5xxxx_i2c.c             0x00000000   Number         0  ht32f5xxxx_i2c.o ABSOLUTE
    FWlib\\src\\ht32f5xxxx_i2s.c             0x00000000   Number         0  ht32f5xxxx_i2s.o ABSOLUTE
    FWlib\\src\\ht32f5xxxx_mctm.c            0x00000000   Number         0  ht32f5xxxx_mctm.o ABSOLUTE
    FWlib\\src\\ht32f5xxxx_pdma.c            0x00000000   Number         0  ht32f5xxxx_pdma.o ABSOLUTE
    FWlib\\src\\ht32f5xxxx_pwrcu.c           0x00000000   Number         0  ht32f5xxxx_pwrcu.o ABSOLUTE
    FWlib\\src\\ht32f5xxxx_rstcu.c           0x00000000   Number         0  ht32f5xxxx_rstcu.o ABSOLUTE
    FWlib\\src\\ht32f5xxxx_rtc.c             0x00000000   Number         0  ht32f5xxxx_rtc.o ABSOLUTE
    FWlib\\src\\ht32f5xxxx_sci.c             0x00000000   Number         0  ht32f5xxxx_sci.o ABSOLUTE
    FWlib\\src\\ht32f5xxxx_spi.c             0x00000000   Number         0  ht32f5xxxx_spi.o ABSOLUTE
    FWlib\\src\\ht32f5xxxx_tm.c              0x00000000   Number         0  ht32f5xxxx_tm.o ABSOLUTE
    FWlib\\src\\ht32f5xxxx_usart.c           0x00000000   Number         0  ht32f5xxxx_usart.o ABSOLUTE
    FWlib\\src\\ht32f5xxxx_usbd.c            0x00000000   Number         0  ht32f5xxxx_usbd.o ABSOLUTE
    FWlib\\src\\ht32f5xxxx_wdt.c             0x00000000   Number         0  ht32f5xxxx_wdt.o ABSOLUTE
    FWlib\src\ht32_cm0plus_misc.c            0x00000000   Number         0  ht32_cm0plus_misc.o ABSOLUTE
    FWlib\src\ht32f5xxxx_adc.c               0x00000000   Number         0  ht32f5xxxx_adc.o ABSOLUTE
    FWlib\src\ht32f5xxxx_bftm.c              0x00000000   Number         0  ht32f5xxxx_bftm.o ABSOLUTE
    FWlib\src\ht32f5xxxx_ckcu.c              0x00000000   Number         0  ht32f5xxxx_ckcu.o ABSOLUTE
    FWlib\src\ht32f5xxxx_cmp.c               0x00000000   Number         0  ht32f5xxxx_cmp.o ABSOLUTE
    FWlib\src\ht32f5xxxx_crc.c               0x00000000   Number         0  ht32f5xxxx_crc.o ABSOLUTE
    FWlib\src\ht32f5xxxx_ebi.c               0x00000000   Number         0  ht32f5xxxx_ebi.o ABSOLUTE
    FWlib\src\ht32f5xxxx_exti.c              0x00000000   Number         0  ht32f5xxxx_exti.o ABSOLUTE
    FWlib\src\ht32f5xxxx_flash.c             0x00000000   Number         0  ht32f5xxxx_flash.o ABSOLUTE
    FWlib\src\ht32f5xxxx_gpio.c              0x00000000   Number         0  ht32f5xxxx_gpio.o ABSOLUTE
    FWlib\src\ht32f5xxxx_i2c.c               0x00000000   Number         0  ht32f5xxxx_i2c.o ABSOLUTE
    FWlib\src\ht32f5xxxx_i2s.c               0x00000000   Number         0  ht32f5xxxx_i2s.o ABSOLUTE
    FWlib\src\ht32f5xxxx_mctm.c              0x00000000   Number         0  ht32f5xxxx_mctm.o ABSOLUTE
    FWlib\src\ht32f5xxxx_pdma.c              0x00000000   Number         0  ht32f5xxxx_pdma.o ABSOLUTE
    FWlib\src\ht32f5xxxx_pwrcu.c             0x00000000   Number         0  ht32f5xxxx_pwrcu.o ABSOLUTE
    FWlib\src\ht32f5xxxx_rstcu.c             0x00000000   Number         0  ht32f5xxxx_rstcu.o ABSOLUTE
    FWlib\src\ht32f5xxxx_rtc.c               0x00000000   Number         0  ht32f5xxxx_rtc.o ABSOLUTE
    FWlib\src\ht32f5xxxx_sci.c               0x00000000   Number         0  ht32f5xxxx_sci.o ABSOLUTE
    FWlib\src\ht32f5xxxx_spi.c               0x00000000   Number         0  ht32f5xxxx_spi.o ABSOLUTE
    FWlib\src\ht32f5xxxx_tm.c                0x00000000   Number         0  ht32f5xxxx_tm.o ABSOLUTE
    FWlib\src\ht32f5xxxx_usart.c             0x00000000   Number         0  ht32f5xxxx_usart.o ABSOLUTE
    FWlib\src\ht32f5xxxx_usbd.c              0x00000000   Number         0  ht32f5xxxx_usbd.o ABSOLUTE
    FWlib\src\ht32f5xxxx_wdt.c               0x00000000   Number         0  ht32f5xxxx_wdt.o ABSOLUTE
    User\\ht32f5xxxx_01_it.c                 0x00000000   Number         0  ht32f5xxxx_01_it.o ABSOLUTE
    User\\main.c                             0x00000000   Number         0  main.o ABSOLUTE
    User\ht32f5xxxx_01_it.c                  0x00000000   Number         0  ht32f5xxxx_01_it.o ABSOLUTE
    User\main.c                              0x00000000   Number         0  main.o ABSOLUTE
    cdcmple.s                                0x00000000   Number         0  cdcmple.o ABSOLUTE
    cdrcmple.s                               0x00000000   Number         0  cdrcmple.o ABSOLUTE
    dc.s                                     0x00000000   Number         0  dc.o ABSOLUTE
    handlers.s                               0x00000000   Number         0  handlers.o ABSOLUTE
    init.s                                   0x00000000   Number         0  init.o ABSOLUTE
    BootProcess                              0x000000cd   Thumb Code    94  startup_ht32f5xxxx_01.o(RESET)
    .ARM.Collect$$$$00000000                 0x00000164   Section        0  entry.o(.ARM.Collect$$$$00000000)
    .ARM.Collect$$$$00000001                 0x00000164   Section        4  entry2.o(.ARM.Collect$$$$00000001)
    .ARM.Collect$$$$00000004                 0x00000168   Section        4  entry5.o(.ARM.Collect$$$$00000004)
    .ARM.Collect$$$$00000008                 0x0000016c   Section        0  entry7b.o(.ARM.Collect$$$$00000008)
    .ARM.Collect$$$$0000000A                 0x0000016c   Section        0  entry8b.o(.ARM.Collect$$$$0000000A)
    .ARM.Collect$$$$0000000B                 0x0000016c   Section        8  entry9a.o(.ARM.Collect$$$$0000000B)
    .ARM.Collect$$$$0000000D                 0x00000174   Section        0  entry10a.o(.ARM.Collect$$$$0000000D)
    .ARM.Collect$$$$0000000F                 0x00000174   Section        0  entry11a.o(.ARM.Collect$$$$0000000F)
    .ARM.Collect$$$$00002712                 0x00000174   Section        4  entry2.o(.ARM.Collect$$$$00002712)
    __lit__00000000                          0x00000174   Data           4  entry2.o(.ARM.Collect$$$$00002712)
    .text                                    0x00000178   Section        0  uidiv.o(.text)
    .text                                    0x000001a4   Section        0  idiv.o(.text)
    .text                                    0x000001cc   Section        0  memcpya.o(.text)
    .text                                    0x000001f0   Section        0  memseta.o(.text)
    .text                                    0x00000214   Section        0  dadd.o(.text)
    .text                                    0x00000378   Section        0  dmul.o(.text)
    .text                                    0x00000448   Section        0  ddiv.o(.text)
    .text                                    0x00000538   Section        0  dflti.o(.text)
    .text                                    0x00000560   Section        0  dfltui.o(.text)
    .text                                    0x0000057c   Section        0  f2d.o(.text)
    .text                                    0x000005a4   Section        0  d2f.o(.text)
    .text                                    0x000005dc   Section        0  uldiv.o(.text)
    .text                                    0x0000063c   Section        0  llshl.o(.text)
    .text                                    0x0000065c   Section        0  llsshr.o(.text)
    .text                                    0x00000682   Section        0  fepilogue.o(.text)
    .text                                    0x00000682   Section        0  iusefp.o(.text)
    .text                                    0x00000704   Section        0  depilogue.o(.text)
    .text                                    0x000007c2   Section        0  dscalb.o(.text)
    .text                                    0x000007f0   Section        0  dfixul.o(.text)
    .text                                    0x00000830   Section       40  cdrcmple.o(.text)
    .text                                    0x00000858   Section       36  init.o(.text)
    .text                                    0x0000087c   Section        0  llushr.o(.text)
    .text                                    0x0000089e   Section        0  dsqrt.o(.text)
    i.AFIO_GPxConfig                         0x00000940   Section        0  ht32f5xxxx_gpio.o(i.AFIO_GPxConfig)
    i.APP_Configuration                      0x00000998   Section        0  main.o(i.APP_Configuration)
    i.BH1750_Init                            0x00000a18   Section        0  bh1750_iic.o(i.BH1750_Init)
    i.BH1750_Read_Coversion                  0x00000a44   Section        0  bh1750_iic.o(i.BH1750_Read_Coversion)
    i.BH_IIC_Ack                             0x00000a78   Section        0  bh1750_iic.o(i.BH_IIC_Ack)
    i.BH_IIC_Init                            0x00000ac8   Section        0  bh1750_iic.o(i.BH_IIC_Init)
    i.BH_IIC_NAck                            0x00000b38   Section        0  bh1750_iic.o(i.BH_IIC_NAck)
    i.BH_IIC_Read_Byte                       0x00000b88   Section        0  bh1750_iic.o(i.BH_IIC_Read_Byte)
    i.BH_IIC_Send_Byte                       0x00000c10   Section        0  bh1750_iic.o(i.BH_IIC_Send_Byte)
    i.BH_IIC_Start                           0x00000c8c   Section        0  bh1750_iic.o(i.BH_IIC_Start)
    i.BH_IIC_Stop                            0x00000cd0   Section        0  bh1750_iic.o(i.BH_IIC_Stop)
    i.BH_IIC_Wait_Ack                        0x00000d20   Section        0  bh1750_iic.o(i.BH_IIC_Wait_Ack)
    i.BMP180_Convert                         0x00000db8   Section        0  bmp180_iic.o(i.BMP180_Convert)
    i.BMP_IIC_Ack                            0x00000ee8   Section        0  bmp180_iic.o(i.BMP_IIC_Ack)
    i.BMP_IIC_Init                           0x00000f34   Section        0  bmp180_iic.o(i.BMP_IIC_Init)
    i.BMP_IIC_NAck                           0x00000fa0   Section        0  bmp180_iic.o(i.BMP_IIC_NAck)
    i.BMP_IIC_Read_Byte                      0x00000fec   Section        0  bmp180_iic.o(i.BMP_IIC_Read_Byte)
    i.BMP_IIC_Send_Byte                      0x00001070   Section        0  bmp180_iic.o(i.BMP_IIC_Send_Byte)
    i.BMP_IIC_Start                          0x000010e4   Section        0  bmp180_iic.o(i.BMP_IIC_Start)
    i.BMP_IIC_Stop                           0x00001130   Section        0  bmp180_iic.o(i.BMP_IIC_Stop)
    i.BMP_IIC_Wait_Ack                       0x0000117c   Section        0  bmp180_iic.o(i.BMP_IIC_Wait_Ack)
    i.BMP_Init                               0x00001210   Section        0  bmp180_iic.o(i.BMP_Init)
    i.BMP_ReadCalibrationData                0x0000121c   Section        0  bmp180_iic.o(i.BMP_ReadCalibrationData)
    i.BMP_ReadOneByte                        0x00001280   Section        0  bmp180_iic.o(i.BMP_ReadOneByte)
    i.BMP_ReadTwoByte                        0x000012ba   Section        0  bmp180_iic.o(i.BMP_ReadTwoByte)
    i.BMP_Read_UP                            0x00001300   Section        0  bmp180_iic.o(i.BMP_Read_UP)
    i.BMP_Read_UT                            0x0000131a   Section        0  bmp180_iic.o(i.BMP_Read_UT)
    i.BMP_WriteOneByte                       0x00001334   Section        0  bmp180_iic.o(i.BMP_WriteOneByte)
    i.CKCU_GetClocksFrequency                0x00001364   Section        0  ht32f5xxxx_ckcu.o(i.CKCU_GetClocksFrequency)
    i.CKCU_GetPLLFrequency                   0x000013d0   Section        0  ht32f5xxxx_ckcu.o(i.CKCU_GetPLLFrequency)
    i.CKCU_GetPeripFrequency                 0x0000140c   Section        0  ht32f5xxxx_ckcu.o(i.CKCU_GetPeripFrequency)
    i.CKCU_PeripClockConfig                  0x00001440   Section        0  ht32f5xxxx_ckcu.o(i.CKCU_PeripClockConfig)
    i.COM1_Configuration                     0x00001468   Section        0  usart1.o(i.COM1_Configuration)
    i.GPIO_DirectionConfig                   0x000014d8   Section        0  ht32f5xxxx_gpio.o(i.GPIO_DirectionConfig)
    i.GPIO_DriveConfig                       0x000014e8   Section        0  ht32f5xxxx_gpio.o(i.GPIO_DriveConfig)
    i.GPIO_InputConfig                       0x00001518   Section        0  ht32f5xxxx_gpio.o(i.GPIO_InputConfig)
    i.GPIO_PullResistorConfig                0x00001528   Section        0  ht32f5xxxx_gpio.o(i.GPIO_PullResistorConfig)
    i.GPIO_ReadInBit                         0x00001552   Section        0  ht32f5xxxx_gpio.o(i.GPIO_ReadInBit)
    i.GPIO_WriteOutBits                      0x0000155c   Section        0  ht32f5xxxx_gpio.o(i.GPIO_WriteOutBits)
    i.HT32F_LEDInit                          0x00001568   Section        0  led.o(i.HT32F_LEDInit)
    i.HT32F_LEDOff                           0x000015f4   Section        0  led.o(i.HT32F_LEDOff)
    i.HT32F_LEDOn                            0x0000160c   Section        0  led.o(i.HT32F_LEDOn)
    i.HardFault_Handler                      0x00001624   Section        0  ht32f5xxxx_01_it.o(i.HardFault_Handler)
    i.Multiple_read_BH1750                   0x00001634   Section        0  bh1750_iic.o(i.Multiple_read_BH1750)
    i.NMI_Handler                            0x00001666   Section        0  ht32f5xxxx_01_it.o(i.NMI_Handler)
    i.NRF24L01_Check                         0x00001668   Section        0  nrf24_spi.o(i.NRF24L01_Check)
    i.NRF24L01_Init                          0x000016b4   Section        0  nrf24_spi.o(i.NRF24L01_Init)
    i.NRF24L01_Read_Buf                      0x00001734   Section        0  nrf24_spi.o(i.NRF24L01_Read_Buf)
    i.NRF24L01_Read_Reg                      0x00001774   Section        0  nrf24_spi.o(i.NRF24L01_Read_Reg)
    i.NRF24L01_TX_Mode                       0x000017a4   Section        0  nrf24_spi.o(i.NRF24L01_TX_Mode)
    i.NRF24L01_TxPacket                      0x00001810   Section        0  nrf24_spi.o(i.NRF24L01_TxPacket)
    i.NRF24L01_Write_Buf                     0x00001878   Section        0  nrf24_spi.o(i.NRF24L01_Write_Buf)
    i.NRF24L01_Write_Reg                     0x000018b8   Section        0  nrf24_spi.o(i.NRF24L01_Write_Reg)
    i.NVIC_Configuration                     0x000018ec   Section        0  main.o(i.NVIC_Configuration)
    i.NVIC_SetVectorTable                    0x000018f8   Section        0  ht32_cm0plus_misc.o(i.NVIC_SetVectorTable)
    i.OLED_Clear                             0x0000190c   Section        0  oled_spi.o(i.OLED_Clear)
    i.OLED_Init                              0x00001948   Section        0  oled_spi.o(i.OLED_Init)
    i.OLED_Set_Pos                           0x00001acc   Section        0  oled_spi.o(i.OLED_Set_Pos)
    i.OLED_ShowChar                          0x00001af4   Section        0  oled_spi.o(i.OLED_ShowChar)
    i.OLED_ShowString                        0x00001b2c   Section        0  oled_spi.o(i.OLED_ShowString)
    i.OLED_WR_Byte                           0x00001b5c   Section        0  oled_spi.o(i.OLED_WR_Byte)
    i.PendSV_Handler                         0x00001ba4   Section        0  ht32f5xxxx_01_it.o(i.PendSV_Handler)
    i.SGP30_Init                             0x00001ba6   Section        0  sgp30_iic.o(i.SGP30_Init)
    i.SGP30_ad_read                          0x00001bb6   Section        0  sgp30_iic.o(i.SGP30_ad_read)
    i.SGP30_ad_write                         0x00001bf8   Section        0  sgp30_iic.o(i.SGP30_ad_write)
    i.SGP_IIC_Ack                            0x00001c2c   Section        0  sgp30_iic.o(i.SGP_IIC_Ack)
    i.SGP_IIC_Init                           0x00001c7c   Section        0  sgp30_iic.o(i.SGP_IIC_Init)
    i.SGP_IIC_NAck                           0x00001ce8   Section        0  sgp30_iic.o(i.SGP_IIC_NAck)
    i.SGP_IIC_Read_Byte                      0x00001d38   Section        0  sgp30_iic.o(i.SGP_IIC_Read_Byte)
    i.SGP_IIC_Send_Byte                      0x00001dc4   Section        0  sgp30_iic.o(i.SGP_IIC_Send_Byte)
    i.SGP_IIC_Start                          0x00001e44   Section        0  sgp30_iic.o(i.SGP_IIC_Start)
    i.SGP_IIC_Stop                           0x00001e88   Section        0  sgp30_iic.o(i.SGP_IIC_Stop)
    i.SGP_IIC_Wait_Ack                       0x00001ed4   Section        0  sgp30_iic.o(i.SGP_IIC_Wait_Ack)
    i.SHT_IIC_Ack                            0x00001f6c   Section        0  sht3x_iic.o(i.SHT_IIC_Ack)
    i.SHT_IIC_Init                           0x00001fbc   Section        0  sht3x_iic.o(i.SHT_IIC_Init)
    i.SHT_IIC_NAck                           0x00002028   Section        0  sht3x_iic.o(i.SHT_IIC_NAck)
    i.SHT_IIC_Read_Byte                      0x00002078   Section        0  sht3x_iic.o(i.SHT_IIC_Read_Byte)
    i.SHT_IIC_Send_Byte                      0x00002104   Section        0  sht3x_iic.o(i.SHT_IIC_Send_Byte)
    i.SHT_IIC_Start                          0x00002180   Section        0  sht3x_iic.o(i.SHT_IIC_Start)
    i.SHT_IIC_Stop                           0x000021c4   Section        0  sht3x_iic.o(i.SHT_IIC_Stop)
    i.SHT_IIC_Wait_Ack                       0x00002210   Section        0  sht3x_iic.o(i.SHT_IIC_Wait_Ack)
    i.SPI1_ReadWriteByte                     0x000022a8   Section        0  nrf24_spi.o(i.SPI1_ReadWriteByte)
    i.SPI1_SetSpeed                          0x000022f8   Section        0  nrf24_spi.o(i.SPI1_SetSpeed)
    i.SPI_APIO_Config                        0x00002308   Section        0  oled_spi.o(i.SPI_APIO_Config)
    SPI_APIO_Config                          0x00002309   Thumb Code   154  oled_spi.o(i.SPI_APIO_Config)
    i.SPI_APIO_Config                        0x000023b0   Section        0  nrf24_spi.o(i.SPI_APIO_Config)
    SPI_APIO_Config                          0x000023b1   Thumb Code   128  nrf24_spi.o(i.SPI_APIO_Config)
    i.SPI_Cmd                                0x00002438   Section        0  ht32f5xxxx_spi.o(i.SPI_Cmd)
    i.SPI_GetFlagStatus                      0x0000244c   Section        0  ht32f5xxxx_spi.o(i.SPI_GetFlagStatus)
    i.SPI_Init                               0x0000245a   Section        0  ht32f5xxxx_spi.o(i.SPI_Init)
    i.SPI_OLED_SendByte                      0x000024a4   Section        0  oled_spi.o(i.SPI_OLED_SendByte)
    i.SPI_ReceiveData                        0x000024d8   Section        0  ht32f5xxxx_spi.o(i.SPI_ReceiveData)
    i.SPI_SELOutputCmd                       0x000024de   Section        0  ht32f5xxxx_spi.o(i.SPI_SELOutputCmd)
    i.SPI_SendData                           0x000024f0   Section        0  ht32f5xxxx_spi.o(i.SPI_SendData)
    i.SVC_Handler                            0x000024f4   Section        0  ht32f5xxxx_01_it.o(i.SVC_Handler)
    i.SYSTICK_ClockSourceConfig              0x000024f8   Section        0  ht32_cm0plus_misc.o(i.SYSTICK_ClockSourceConfig)
    i.SYSTICK_CounterCmd                     0x00002510   Section        0  ht32_cm0plus_misc.o(i.SYSTICK_CounterCmd)
    i.SYSTICK_IntConfig                      0x00002534   Section        0  ht32_cm0plus_misc.o(i.SYSTICK_IntConfig)
    i.SYSTICK_SetReloadValue                 0x0000254c   Section        0  ht32_cm0plus_misc.o(i.SYSTICK_SetReloadValue)
    i.Sht3x_Init                             0x00002558   Section        0  sht3x_iic.o(i.Sht3x_Init)
    i.Single_Write_BH1750                    0x0000257c   Section        0  bh1750_iic.o(i.Single_Write_BH1750)
    i.Sth3x_ReadResult                       0x000025a0   Section        0  sht3x_iic.o(i.Sth3x_ReadResult)
    i.SysTick_Handler                        0x000026a8   Section        0  ht32f5xxxx_01_it.o(i.SysTick_Handler)
    i.SystemInit                             0x000026b0   Section        0  system_ht32f5xxxx_01.o(i.SystemInit)
    i.TimingDelay_Decrement                  0x000027ac   Section        0  systick.o(i.TimingDelay_Decrement)
    i.USART0_IRQHandler                      0x000027c0   Section        0  ht32f5xxxx_01_it.o(i.USART0_IRQHandler)
    i.USART1_IRQHandler                      0x00002820   Section        0  ht32f5xxxx_01_it.o(i.USART1_IRQHandler)
    i.USART_GetFlagStatus                    0x000028a4   Section        0  ht32f5xxxx_usart.o(i.USART_GetFlagStatus)
    i.USART_Init                             0x000028b0   Section        0  ht32f5xxxx_usart.o(i.USART_Init)
    i.USART_IntConfig                        0x00002934   Section        0  ht32f5xxxx_usart.o(i.USART_IntConfig)
    i.USART_ReceiveData                      0x00002944   Section        0  ht32f5xxxx_usart.o(i.USART_ReceiveData)
    i.USART_SendData                         0x0000294a   Section        0  ht32f5xxxx_usart.o(i.USART_SendData)
    i.USART_TxRxCmd                          0x0000294e   Section        0  ht32f5xxxx_usart.o(i.USART_TxRxCmd)
    i.Usart_SendStr                          0x00002962   Section        0  usart1.o(i.Usart_SendStr)
    i.Usart_Sendbyte                         0x00002980   Section        0  usart1.o(i.Usart_Sendbyte)
    i.__0printf                              0x0000299c   Section        0  printfa.o(i.__0printf)
    i.__0sprintf                             0x000029bc   Section        0  printfa.o(i.__0sprintf)
    i.__ARM_clz                              0x000029e4   Section        0  depilogue.o(i.__ARM_clz)
    i.__ARM_common_switch8                   0x00002a12   Section        0  ht32f5xxxx_ckcu.o(i.__ARM_common_switch8)
    i.__ARM_fpclassify                       0x00002a2c   Section        0  fpclassify.o(i.__ARM_fpclassify)
    i.__kernel_poly                          0x00002a58   Section        0  poly.o(i.__kernel_poly)
    i.__mathlib_dbl_divzero                  0x00002b04   Section        0  dunder.o(i.__mathlib_dbl_divzero)
    i.__mathlib_dbl_infnan2                  0x00002b18   Section        0  dunder.o(i.__mathlib_dbl_infnan2)
    i.__mathlib_dbl_invalid                  0x00002b20   Section        0  dunder.o(i.__mathlib_dbl_invalid)
    i.__mathlib_dbl_overflow                 0x00002b30   Section        0  dunder.o(i.__mathlib_dbl_overflow)
    i.__mathlib_dbl_underflow                0x00002b44   Section        0  dunder.o(i.__mathlib_dbl_underflow)
    i.__scatterload_copy                     0x00002b58   Section       14  handlers.o(i.__scatterload_copy)
    i.__scatterload_null                     0x00002b66   Section        2  handlers.o(i.__scatterload_null)
    i.__scatterload_zeroinit                 0x00002b68   Section       14  handlers.o(i.__scatterload_zeroinit)
    i.__set_errno                            0x00002b78   Section        0  errno.o(i.__set_errno)
    i._fp_digits                             0x00002b84   Section        0  printfa.o(i._fp_digits)
    _fp_digits                               0x00002b85   Thumb Code   316  printfa.o(i._fp_digits)
    i._printf_core                           0x00002cdc   Section        0  printfa.o(i._printf_core)
    _printf_core                             0x00002cdd   Thumb Code  1754  printfa.o(i._printf_core)
    i._printf_post_padding                   0x000033c8   Section        0  printfa.o(i._printf_post_padding)
    _printf_post_padding                     0x000033c9   Thumb Code    32  printfa.o(i._printf_post_padding)
    i._printf_pre_padding                    0x000033e8   Section        0  printfa.o(i._printf_pre_padding)
    _printf_pre_padding                      0x000033e9   Thumb Code    44  printfa.o(i._printf_pre_padding)
    i._sputc                                 0x00003414   Section        0  printfa.o(i._sputc)
    _sputc                                   0x00003415   Thumb Code    10  printfa.o(i._sputc)
    i.delay_ms                               0x00003420   Section        0  systick.o(i.delay_ms)
    i.delay_us                               0x00003470   Section        0  systick.o(i.delay_us)
    i.fputc                                  0x000034c0   Section        0  usart1.o(i.fputc)
    i.main                                   0x000034e4   Section        0  main.o(i.main)
    i.pow                                    0x00003938   Section        0  pow.o(i.pow)
    i.sht30_crc8_check                       0x000042b8   Section        0  sht3x_iic.o(i.sht30_crc8_check)
    i.sqrt                                   0x000042f4   Section        0  sqrt.o(i.sqrt)
    .constdata                               0x0000433c   Section       78  main.o(.constdata)
    .constdata                               0x0000438c   Section       36  led.o(.constdata)
    .constdata                               0x000043b0   Section      552  oled_spi.o(.constdata)
    .constdata                               0x000045d8   Section       10  nrf24_spi.o(.constdata)
    .constdata                               0x000045e8   Section      136  pow.o(.constdata)
    bp                                       0x000045e8   Data          16  pow.o(.constdata)
    dp_h                                     0x000045f8   Data          16  pow.o(.constdata)
    dp_l                                     0x00004608   Data          16  pow.o(.constdata)
    L                                        0x00004618   Data          48  pow.o(.constdata)
    P                                        0x00004648   Data          40  pow.o(.constdata)
    .constdata                               0x00004670   Section        8  qnan.o(.constdata)
    .data                                    0x20000000   Section       40  main.o(.data)
    .data                                    0x20000028   Section      128  ht32f5xxxx_01_it.o(.data)
    .data                                    0x200000a8   Section        4  ht32f5xxxx_01_it.o(.data)
    .data                                    0x200000ac   Section        8  ht32f5xxxx_01_it.o(.data)
    gIsContinue                              0x200000b0   Data           4  ht32f5xxxx_01_it.o(.data)
    .data                                    0x200000b4   Section        4  system_ht32f5xxxx_01.o(.data)
    .data                                    0x200000b8   Section        4  systick.o(.data)
    DelayTime                                0x200000b8   Data           4  systick.o(.data)
    .data                                    0x200000bc   Section        2  usart1.o(.data)
    .data                                    0x200000c0   Section       16  sht3x_iic.o(.data)
    .data                                    0x200000d0   Section        2  esp8266.o(.data)
    .data                                    0x200000d4   Section        4  stdout.o(.data)
    .data                                    0x200000d8   Section        4  errno.o(.data)
    _errno                                   0x200000d8   Data           4  errno.o(.data)
    .bss                                     0x200000dc   Section       96  main.o(.bss)
    .bss                                     0x2000013c   Section      128  ht32f5xxxx_01_it.o(.bss)
    .bss                                     0x200001bc   Section      200  usart1.o(.bss)
    .bss                                     0x20000284   Section       68  bmp180_iic.o(.bss)
    .bss                                     0x200002c8   Section      200  esp8266.o(.bss)
    STACK                                    0x20000390   Section      512  startup_ht32f5xxxx_01.o(STACK)

    Global Symbols

    Symbol Name                              Value     Ov Type        Size  Object(Section)

    BuildAttributes$$THM_ISAv3M$S$PE$A:L22$X:L11$S22$IEEE1$IW$USESV6$~STKCKD$USESV7$~SHL$OTIME$ROPI$IEEEX$EBA8$MICROLIB$REQ8$PRES8$EABIv2 0x00000000   Number         0  anon$$obj.o ABSOLUTE
    __ARM_use_no_argv                        0x00000000   Number         0  main.o ABSOLUTE
    __Vectors                                0x00000000   Data           0  startup_ht32f5xxxx_01.o(RESET)
    _printf_a                                0x00000000   Number         0  stubs.o ABSOLUTE
    _printf_c                                0x00000000   Number         0  stubs.o ABSOLUTE
    _printf_charcount                        0x00000000   Number         0  stubs.o ABSOLUTE
    _printf_d                                0x00000000   Number         0  stubs.o ABSOLUTE
    _printf_e                                0x00000000   Number         0  stubs.o ABSOLUTE
    _printf_f                                0x00000000   Number         0  stubs.o ABSOLUTE
    _printf_flags                            0x00000000   Number         0  stubs.o ABSOLUTE
    _printf_fp_dec                           0x00000000   Number         0  stubs.o ABSOLUTE
    _printf_fp_hex                           0x00000000   Number         0  stubs.o ABSOLUTE
    _printf_g                                0x00000000   Number         0  stubs.o ABSOLUTE
    _printf_i                                0x00000000   Number         0  stubs.o ABSOLUTE
    _printf_int_dec                          0x00000000   Number         0  stubs.o ABSOLUTE
    _printf_l                                0x00000000   Number         0  stubs.o ABSOLUTE
    _printf_lc                               0x00000000   Number         0  stubs.o ABSOLUTE
    _printf_ll                               0x00000000   Number         0  stubs.o ABSOLUTE
    _printf_lld                              0x00000000   Number         0  stubs.o ABSOLUTE
    _printf_lli                              0x00000000   Number         0  stubs.o ABSOLUTE
    _printf_llo                              0x00000000   Number         0  stubs.o ABSOLUTE
    _printf_llu                              0x00000000   Number         0  stubs.o ABSOLUTE
    _printf_llx                              0x00000000   Number         0  stubs.o ABSOLUTE
    _printf_longlong_dec                     0x00000000   Number         0  stubs.o ABSOLUTE
    _printf_longlong_hex                     0x00000000   Number         0  stubs.o ABSOLUTE
    _printf_longlong_oct                     0x00000000   Number         0  stubs.o ABSOLUTE
    _printf_ls                               0x00000000   Number         0  stubs.o ABSOLUTE
    _printf_mbtowc                           0x00000000   Number         0  stubs.o ABSOLUTE
    _printf_n                                0x00000000   Number         0  stubs.o ABSOLUTE
    _printf_o                                0x00000000   Number         0  stubs.o ABSOLUTE
    _printf_p                                0x00000000   Number         0  stubs.o ABSOLUTE
    _printf_percent                          0x00000000   Number         0  stubs.o ABSOLUTE
    _printf_pre_padding                      0x00000000   Number         0  stubs.o ABSOLUTE
    _printf_return_value                     0x00000000   Number         0  stubs.o ABSOLUTE
    _printf_s                                0x00000000   Number         0  stubs.o ABSOLUTE
    _printf_sizespec                         0x00000000   Number         0  stubs.o ABSOLUTE
    _printf_str                              0x00000000   Number         0  stubs.o ABSOLUTE
    _printf_truncate_signed                  0x00000000   Number         0  stubs.o ABSOLUTE
    _printf_truncate_unsigned                0x00000000   Number         0  stubs.o ABSOLUTE
    _printf_u                                0x00000000   Number         0  stubs.o ABSOLUTE
    _printf_wc                               0x00000000   Number         0  stubs.o ABSOLUTE
    _printf_wctomb                           0x00000000   Number         0  stubs.o ABSOLUTE
    _printf_widthprec                        0x00000000   Number         0  stubs.o ABSOLUTE
    _printf_x                                0x00000000   Number         0  stubs.o ABSOLUTE
    __cpp_initialize__aeabi_                  - Undefined Weak Reference
    __cxa_finalize                            - Undefined Weak Reference
    __decompress                              - Undefined Weak Reference
    _clock_init                               - Undefined Weak Reference
    _microlib_exit                            - Undefined Weak Reference
    Reset_Handler                            0x000000c1   Thumb Code    12  startup_ht32f5xxxx_01.o(RESET)
    ADC_IRQHandler                           0x00000135   Thumb Code     0  startup_ht32f5xxxx_01.o(RESET)
    AES_IRQHandler                           0x00000135   Thumb Code     0  startup_ht32f5xxxx_01.o(RESET)
    BFTM0_IRQHandler                         0x00000135   Thumb Code     0  startup_ht32f5xxxx_01.o(RESET)
    BFTM1_IRQHandler                         0x00000135   Thumb Code     0  startup_ht32f5xxxx_01.o(RESET)
    COMP_IRQHandler                          0x00000135   Thumb Code     0  startup_ht32f5xxxx_01.o(RESET)
    EVWUP_IRQHandler                         0x00000135   Thumb Code     0  startup_ht32f5xxxx_01.o(RESET)
    EXTI0_1_IRQHandler                       0x00000135   Thumb Code     0  startup_ht32f5xxxx_01.o(RESET)
    EXTI2_3_IRQHandler                       0x00000135   Thumb Code     0  startup_ht32f5xxxx_01.o(RESET)
    EXTI4_15_IRQHandler                      0x00000135   Thumb Code     0  startup_ht32f5xxxx_01.o(RESET)
    FLASH_IRQHandler                         0x00000135   Thumb Code     0  startup_ht32f5xxxx_01.o(RESET)
    GPTM0_IRQHandler                         0x00000135   Thumb Code     0  startup_ht32f5xxxx_01.o(RESET)
    GPTM1_IRQHandler                         0x00000135   Thumb Code     0  startup_ht32f5xxxx_01.o(RESET)
    I2C0_IRQHandler                          0x00000135   Thumb Code     0  startup_ht32f5xxxx_01.o(RESET)
    I2C1_IRQHandler                          0x00000135   Thumb Code     0  startup_ht32f5xxxx_01.o(RESET)
    I2C2_IRQHandler                          0x00000135   Thumb Code     0  startup_ht32f5xxxx_01.o(RESET)
    I2S_IRQHandler                           0x00000135   Thumb Code     0  startup_ht32f5xxxx_01.o(RESET)
    LVD_BOD_IRQHandler                       0x00000135   Thumb Code     0  startup_ht32f5xxxx_01.o(RESET)
    MCTM0_IRQHandler                         0x00000135   Thumb Code     0  startup_ht32f5xxxx_01.o(RESET)
    MIDI_IRQHandler                          0x00000135   Thumb Code     0  startup_ht32f5xxxx_01.o(RESET)
    PDMA_CH0_1_IRQHandler                    0x00000135   Thumb Code     0  startup_ht32f5xxxx_01.o(RESET)
    PDMA_CH2_5_IRQHandler                    0x00000135   Thumb Code     0  startup_ht32f5xxxx_01.o(RESET)
    PWM0_IRQHandler                          0x00000135   Thumb Code     0  startup_ht32f5xxxx_01.o(RESET)
    PWM1_IRQHandler                          0x00000135   Thumb Code     0  startup_ht32f5xxxx_01.o(RESET)
    QSPI_IRQHandler                          0x00000135   Thumb Code     0  startup_ht32f5xxxx_01.o(RESET)
    RTC_IRQHandler                           0x00000135   Thumb Code     0  startup_ht32f5xxxx_01.o(RESET)
    SCI_IRQHandler                           0x00000135   Thumb Code     0  startup_ht32f5xxxx_01.o(RESET)
    SCTM0_IRQHandler                         0x00000135   Thumb Code     0  startup_ht32f5xxxx_01.o(RESET)
    SCTM1_IRQHandler                         0x00000135   Thumb Code     0  startup_ht32f5xxxx_01.o(RESET)
    SCTM2_IRQHandler                         0x00000135   Thumb Code     0  startup_ht32f5xxxx_01.o(RESET)
    SCTM3_IRQHandler                         0x00000135   Thumb Code     0  startup_ht32f5xxxx_01.o(RESET)
    SPI0_IRQHandler                          0x00000135   Thumb Code     0  startup_ht32f5xxxx_01.o(RESET)
    SPI1_IRQHandler                          0x00000135   Thumb Code     0  startup_ht32f5xxxx_01.o(RESET)
    UART0_IRQHandler                         0x00000135   Thumb Code     0  startup_ht32f5xxxx_01.o(RESET)
    UART1_IRQHandler                         0x00000135   Thumb Code     0  startup_ht32f5xxxx_01.o(RESET)
    UART2_IRQHandler                         0x00000135   Thumb Code     0  startup_ht32f5xxxx_01.o(RESET)
    UART3_IRQHandler                         0x00000135   Thumb Code     0  startup_ht32f5xxxx_01.o(RESET)
    USB_IRQHandler                           0x00000135   Thumb Code     0  startup_ht32f5xxxx_01.o(RESET)
    __main                                   0x00000165   Thumb Code     0  entry.o(.ARM.Collect$$$$00000000)
    _main_stk                                0x00000165   Thumb Code     0  entry2.o(.ARM.Collect$$$$00000001)
    _main_scatterload                        0x00000169   Thumb Code     0  entry5.o(.ARM.Collect$$$$00000004)
    __main_after_scatterload                 0x0000016d   Thumb Code     0  entry5.o(.ARM.Collect$$$$00000004)
    _main_clock                              0x0000016d   Thumb Code     0  entry7b.o(.ARM.Collect$$$$00000008)
    _main_cpp_init                           0x0000016d   Thumb Code     0  entry8b.o(.ARM.Collect$$$$0000000A)
    _main_init                               0x0000016d   Thumb Code     0  entry9a.o(.ARM.Collect$$$$0000000B)
    __rt_final_cpp                           0x00000175   Thumb Code     0  entry10a.o(.ARM.Collect$$$$0000000D)
    __rt_final_exit                          0x00000175   Thumb Code     0  entry11a.o(.ARM.Collect$$$$0000000F)
    __aeabi_uidiv                            0x00000179   Thumb Code     0  uidiv.o(.text)
    __aeabi_uidivmod                         0x00000179   Thumb Code    44  uidiv.o(.text)
    __aeabi_idiv                             0x000001a5   Thumb Code     0  idiv.o(.text)
    __aeabi_idivmod                          0x000001a5   Thumb Code    40  idiv.o(.text)
    __aeabi_memcpy                           0x000001cd   Thumb Code    36  memcpya.o(.text)
    __aeabi_memcpy4                          0x000001cd   Thumb Code     0  memcpya.o(.text)
    __aeabi_memcpy8                          0x000001cd   Thumb Code     0  memcpya.o(.text)
    __aeabi_memset                           0x000001f1   Thumb Code    14  memseta.o(.text)
    __aeabi_memset4                          0x000001f1   Thumb Code     0  memseta.o(.text)
    __aeabi_memset8                          0x000001f1   Thumb Code     0  memseta.o(.text)
    __aeabi_memclr                           0x000001ff   Thumb Code     4  memseta.o(.text)
    __aeabi_memclr4                          0x000001ff   Thumb Code     0  memseta.o(.text)
    __aeabi_memclr8                          0x000001ff   Thumb Code     0  memseta.o(.text)
    _memset$wrapper                          0x00000203   Thumb Code    18  memseta.o(.text)
    __aeabi_dadd                             0x00000215   Thumb Code   328  dadd.o(.text)
    __aeabi_dsub                             0x0000035d   Thumb Code    12  dadd.o(.text)
    __aeabi_drsub                            0x00000369   Thumb Code    12  dadd.o(.text)
    __aeabi_dmul                             0x00000379   Thumb Code   202  dmul.o(.text)
    __aeabi_ddiv                             0x00000449   Thumb Code   234  ddiv.o(.text)
    __aeabi_i2d                              0x00000539   Thumb Code    34  dflti.o(.text)
    __aeabi_ui2d                             0x00000561   Thumb Code    24  dfltui.o(.text)
    __aeabi_f2d                              0x0000057d   Thumb Code    40  f2d.o(.text)
    __aeabi_d2f                              0x000005a5   Thumb Code    56  d2f.o(.text)
    __aeabi_uldivmod                         0x000005dd   Thumb Code    96  uldiv.o(.text)
    __aeabi_llsl                             0x0000063d   Thumb Code    32  llshl.o(.text)
    _ll_shift_l                              0x0000063d   Thumb Code     0  llshl.o(.text)
    __aeabi_lasr                             0x0000065d   Thumb Code    38  llsshr.o(.text)
    _ll_sshift_r                             0x0000065d   Thumb Code     0  llsshr.o(.text)
    __I$use$fp                               0x00000683   Thumb Code     0  iusefp.o(.text)
    _float_round                             0x00000683   Thumb Code    16  fepilogue.o(.text)
    _float_epilogue                          0x00000693   Thumb Code   114  fepilogue.o(.text)
    _double_round                            0x00000705   Thumb Code    26  depilogue.o(.text)
    _double_epilogue                         0x0000071f   Thumb Code   164  depilogue.o(.text)
    __ARM_scalbn                             0x000007c3   Thumb Code    44  dscalb.o(.text)
    scalbn                                   0x000007c3   Thumb Code     0  dscalb.o(.text)
    __aeabi_d2ulz                            0x000007f1   Thumb Code    54  dfixul.o(.text)
    __aeabi_cdrcmple                         0x00000831   Thumb Code    38  cdrcmple.o(.text)
    __scatterload                            0x00000859   Thumb Code    28  init.o(.text)
    __scatterload_rt2                        0x00000859   Thumb Code     0  init.o(.text)
    __aeabi_llsr                             0x0000087d   Thumb Code    34  llushr.o(.text)
    _ll_ushift_r                             0x0000087d   Thumb Code     0  llushr.o(.text)
    _dsqrt                                   0x0000089f   Thumb Code   162  dsqrt.o(.text)
    AFIO_GPxConfig                           0x00000941   Thumb Code    82  ht32f5xxxx_gpio.o(i.AFIO_GPxConfig)
    APP_Configuration                        0x00000999   Thumb Code    76  main.o(i.APP_Configuration)
    BH1750_Init                              0x00000a19   Thumb Code    34  bh1750_iic.o(i.BH1750_Init)
    BH1750_Read_Coversion                    0x00000a45   Thumb Code    42  bh1750_iic.o(i.BH1750_Read_Coversion)
    BH_IIC_Ack                               0x00000a79   Thumb Code    70  bh1750_iic.o(i.BH_IIC_Ack)
    BH_IIC_Init                              0x00000ac9   Thumb Code   104  bh1750_iic.o(i.BH_IIC_Init)
    BH_IIC_NAck                              0x00000b39   Thumb Code    70  bh1750_iic.o(i.BH_IIC_NAck)
    BH_IIC_Read_Byte                         0x00000b89   Thumb Code   126  bh1750_iic.o(i.BH_IIC_Read_Byte)
    BH_IIC_Send_Byte                         0x00000c11   Thumb Code   116  bh1750_iic.o(i.BH_IIC_Send_Byte)
    BH_IIC_Start                             0x00000c8d   Thumb Code    60  bh1750_iic.o(i.BH_IIC_Start)
    BH_IIC_Stop                              0x00000cd1   Thumb Code    70  bh1750_iic.o(i.BH_IIC_Stop)
    BH_IIC_Wait_Ack                          0x00000d21   Thumb Code   120  bh1750_iic.o(i.BH_IIC_Wait_Ack)
    BMP180_Convert                           0x00000db9   Thumb Code   262  bmp180_iic.o(i.BMP180_Convert)
    BMP_IIC_Ack                              0x00000ee9   Thumb Code    70  bmp180_iic.o(i.BMP_IIC_Ack)
    BMP_IIC_Init                             0x00000f35   Thumb Code   102  bmp180_iic.o(i.BMP_IIC_Init)
    BMP_IIC_NAck                             0x00000fa1   Thumb Code    70  bmp180_iic.o(i.BMP_IIC_NAck)
    BMP_IIC_Read_Byte                        0x00000fed   Thumb Code   128  bmp180_iic.o(i.BMP_IIC_Read_Byte)
    BMP_IIC_Send_Byte                        0x00001071   Thumb Code   110  bmp180_iic.o(i.BMP_IIC_Send_Byte)
    BMP_IIC_Start                            0x000010e5   Thumb Code    70  bmp180_iic.o(i.BMP_IIC_Start)
    BMP_IIC_Stop                             0x00001131   Thumb Code    70  bmp180_iic.o(i.BMP_IIC_Stop)
    BMP_IIC_Wait_Ack                         0x0000117d   Thumb Code   120  bmp180_iic.o(i.BMP_IIC_Wait_Ack)
    BMP_Init                                 0x00001211   Thumb Code    12  bmp180_iic.o(i.BMP_Init)
    BMP_ReadCalibrationData                  0x0000121d   Thumb Code    94  bmp180_iic.o(i.BMP_ReadCalibrationData)
    BMP_ReadOneByte                          0x00001281   Thumb Code    58  bmp180_iic.o(i.BMP_ReadOneByte)
    BMP_ReadTwoByte                          0x000012bb   Thumb Code    70  bmp180_iic.o(i.BMP_ReadTwoByte)
    BMP_Read_UP                              0x00001301   Thumb Code    26  bmp180_iic.o(i.BMP_Read_UP)
    BMP_Read_UT                              0x0000131b   Thumb Code    26  bmp180_iic.o(i.BMP_Read_UT)
    BMP_WriteOneByte                         0x00001335   Thumb Code    46  bmp180_iic.o(i.BMP_WriteOneByte)
    CKCU_GetClocksFrequency                  0x00001365   Thumb Code    98  ht32f5xxxx_ckcu.o(i.CKCU_GetClocksFrequency)
    CKCU_GetPLLFrequency                     0x000013d1   Thumb Code    50  ht32f5xxxx_ckcu.o(i.CKCU_GetPLLFrequency)
    CKCU_GetPeripFrequency                   0x0000140d   Thumb Code    48  ht32f5xxxx_ckcu.o(i.CKCU_GetPeripFrequency)
    CKCU_PeripClockConfig                    0x00001441   Thumb Code    34  ht32f5xxxx_ckcu.o(i.CKCU_PeripClockConfig)
    COM1_Configuration                       0x00001469   Thumb Code   102  usart1.o(i.COM1_Configuration)
    GPIO_DirectionConfig                     0x000014d9   Thumb Code    16  ht32f5xxxx_gpio.o(i.GPIO_DirectionConfig)
    GPIO_DriveConfig                         0x000014e9   Thumb Code    48  ht32f5xxxx_gpio.o(i.GPIO_DriveConfig)
    GPIO_InputConfig                         0x00001519   Thumb Code    16  ht32f5xxxx_gpio.o(i.GPIO_InputConfig)
    GPIO_PullResistorConfig                  0x00001529   Thumb Code    42  ht32f5xxxx_gpio.o(i.GPIO_PullResistorConfig)
    GPIO_ReadInBit                           0x00001553   Thumb Code    10  ht32f5xxxx_gpio.o(i.GPIO_ReadInBit)
    GPIO_WriteOutBits                        0x0000155d   Thumb Code    12  ht32f5xxxx_gpio.o(i.GPIO_WriteOutBits)
    HT32F_LEDInit                            0x00001569   Thumb Code   136  led.o(i.HT32F_LEDInit)
    HT32F_LEDOff                             0x000015f5   Thumb Code    20  led.o(i.HT32F_LEDOff)
    HT32F_LEDOn                              0x0000160d   Thumb Code    20  led.o(i.HT32F_LEDOn)
    HardFault_Handler                        0x00001625   Thumb Code    10  ht32f5xxxx_01_it.o(i.HardFault_Handler)
    Multiple_read_BH1750                     0x00001635   Thumb Code    50  bh1750_iic.o(i.Multiple_read_BH1750)
    NMI_Handler                              0x00001667   Thumb Code     2  ht32f5xxxx_01_it.o(i.NMI_Handler)
    NRF24L01_Check                           0x00001669   Thumb Code    66  nrf24_spi.o(i.NRF24L01_Check)
    NRF24L01_Init                            0x000016b5   Thumb Code   112  nrf24_spi.o(i.NRF24L01_Init)
    NRF24L01_Read_Buf                        0x00001735   Thumb Code    60  nrf24_spi.o(i.NRF24L01_Read_Buf)
    NRF24L01_Read_Reg                        0x00001775   Thumb Code    44  nrf24_spi.o(i.NRF24L01_Read_Reg)
    NRF24L01_TX_Mode                         0x000017a5   Thumb Code    98  nrf24_spi.o(i.NRF24L01_TX_Mode)
    NRF24L01_TxPacket                        0x00001811   Thumb Code    98  nrf24_spi.o(i.NRF24L01_TxPacket)
    NRF24L01_Write_Buf                       0x00001879   Thumb Code    60  nrf24_spi.o(i.NRF24L01_Write_Buf)
    NRF24L01_Write_Reg                       0x000018b9   Thumb Code    46  nrf24_spi.o(i.NRF24L01_Write_Reg)
    NVIC_Configuration                       0x000018ed   Thumb Code    12  main.o(i.NVIC_Configuration)
    NVIC_SetVectorTable                      0x000018f9   Thumb Code    12  ht32_cm0plus_misc.o(i.NVIC_SetVectorTable)
    OLED_Clear                               0x0000190d   Thumb Code    60  oled_spi.o(i.OLED_Clear)
    OLED_Init                                0x00001949   Thumb Code   376  oled_spi.o(i.OLED_Init)
    OLED_Set_Pos                             0x00001acd   Thumb Code    40  oled_spi.o(i.OLED_Set_Pos)
    OLED_ShowChar                            0x00001af5   Thumb Code    52  oled_spi.o(i.OLED_ShowChar)
    OLED_ShowString                          0x00001b2d   Thumb Code    46  oled_spi.o(i.OLED_ShowString)
    OLED_WR_Byte                             0x00001b5d   Thumb Code    64  oled_spi.o(i.OLED_WR_Byte)
    PendSV_Handler                           0x00001ba5   Thumb Code     2  ht32f5xxxx_01_it.o(i.PendSV_Handler)
    SGP30_Init                               0x00001ba7   Thumb Code    16  sgp30_iic.o(i.SGP30_Init)
    SGP30_ad_read                            0x00001bb7   Thumb Code    66  sgp30_iic.o(i.SGP30_ad_read)
    SGP30_ad_write                           0x00001bf9   Thumb Code    52  sgp30_iic.o(i.SGP30_ad_write)
    SGP_IIC_Ack                              0x00001c2d   Thumb Code    74  sgp30_iic.o(i.SGP_IIC_Ack)
    SGP_IIC_Init                             0x00001c7d   Thumb Code   104  sgp30_iic.o(i.SGP_IIC_Init)
    SGP_IIC_NAck                             0x00001ce9   Thumb Code    74  sgp30_iic.o(i.SGP_IIC_NAck)
    SGP_IIC_Read_Byte                        0x00001d39   Thumb Code   136  sgp30_iic.o(i.SGP_IIC_Read_Byte)
    SGP_IIC_Send_Byte                        0x00001dc5   Thumb Code   122  sgp30_iic.o(i.SGP_IIC_Send_Byte)
    SGP_IIC_Start                            0x00001e45   Thumb Code    62  sgp30_iic.o(i.SGP_IIC_Start)
    SGP_IIC_Stop                             0x00001e89   Thumb Code    72  sgp30_iic.o(i.SGP_IIC_Stop)
    SGP_IIC_Wait_Ack                         0x00001ed5   Thumb Code   124  sgp30_iic.o(i.SGP_IIC_Wait_Ack)
    SHT_IIC_Ack                              0x00001f6d   Thumb Code    74  sht3x_iic.o(i.SHT_IIC_Ack)
    SHT_IIC_Init                             0x00001fbd   Thumb Code   104  sht3x_iic.o(i.SHT_IIC_Init)
    SHT_IIC_NAck                             0x00002029   Thumb Code    74  sht3x_iic.o(i.SHT_IIC_NAck)
    SHT_IIC_Read_Byte                        0x00002079   Thumb Code   134  sht3x_iic.o(i.SHT_IIC_Read_Byte)
    SHT_IIC_Send_Byte                        0x00002105   Thumb Code   118  sht3x_iic.o(i.SHT_IIC_Send_Byte)
    SHT_IIC_Start                            0x00002181   Thumb Code    62  sht3x_iic.o(i.SHT_IIC_Start)
    SHT_IIC_Stop                             0x000021c5   Thumb Code    72  sht3x_iic.o(i.SHT_IIC_Stop)
    SHT_IIC_Wait_Ack                         0x00002211   Thumb Code   124  sht3x_iic.o(i.SHT_IIC_Wait_Ack)
    SPI1_ReadWriteByte                       0x000022a9   Thumb Code    76  nrf24_spi.o(i.SPI1_ReadWriteByte)
    SPI1_SetSpeed                            0x000022f9   Thumb Code    10  nrf24_spi.o(i.SPI1_SetSpeed)
    SPI_Cmd                                  0x00002439   Thumb Code    20  ht32f5xxxx_spi.o(i.SPI_Cmd)
    SPI_GetFlagStatus                        0x0000244d   Thumb Code    14  ht32f5xxxx_spi.o(i.SPI_GetFlagStatus)
    SPI_Init                                 0x0000245b   Thumb Code    72  ht32f5xxxx_spi.o(i.SPI_Init)
    SPI_OLED_SendByte                        0x000024a5   Thumb Code    46  oled_spi.o(i.SPI_OLED_SendByte)
    SPI_ReceiveData                          0x000024d9   Thumb Code     6  ht32f5xxxx_spi.o(i.SPI_ReceiveData)
    SPI_SELOutputCmd                         0x000024df   Thumb Code    18  ht32f5xxxx_spi.o(i.SPI_SELOutputCmd)
    SPI_SendData                             0x000024f1   Thumb Code     4  ht32f5xxxx_spi.o(i.SPI_SendData)
    SVC_Handler                              0x000024f5   Thumb Code     2  ht32f5xxxx_01_it.o(i.SVC_Handler)
    SYSTICK_ClockSourceConfig                0x000024f9   Thumb Code    20  ht32_cm0plus_misc.o(i.SYSTICK_ClockSourceConfig)
    SYSTICK_CounterCmd                       0x00002511   Thumb Code    32  ht32_cm0plus_misc.o(i.SYSTICK_CounterCmd)
    SYSTICK_IntConfig                        0x00002535   Thumb Code    20  ht32_cm0plus_misc.o(i.SYSTICK_IntConfig)
    SYSTICK_SetReloadValue                   0x0000254d   Thumb Code     6  ht32_cm0plus_misc.o(i.SYSTICK_SetReloadValue)
    Sht3x_Init                               0x00002559   Thumb Code    30  sht3x_iic.o(i.Sht3x_Init)
    Single_Write_BH1750                      0x0000257d   Thumb Code    34  bh1750_iic.o(i.Single_Write_BH1750)
    Sth3x_ReadResult                         0x000025a1   Thumb Code   242  sht3x_iic.o(i.Sth3x_ReadResult)
    SysTick_Handler                          0x000026a9   Thumb Code     8  ht32f5xxxx_01_it.o(i.SysTick_Handler)
    SystemInit                               0x000026b1   Thumb Code   232  system_ht32f5xxxx_01.o(i.SystemInit)
    TimingDelay_Decrement                    0x000027ad   Thumb Code    16  systick.o(i.TimingDelay_Decrement)
    USART0_IRQHandler                        0x000027c1   Thumb Code    88  ht32f5xxxx_01_it.o(i.USART0_IRQHandler)
    USART1_IRQHandler                        0x00002821   Thumb Code   112  ht32f5xxxx_01_it.o(i.USART1_IRQHandler)
    USART_GetFlagStatus                      0x000028a5   Thumb Code    10  ht32f5xxxx_usart.o(i.USART_GetFlagStatus)
    USART_Init                               0x000028b1   Thumb Code   114  ht32f5xxxx_usart.o(i.USART_Init)
    USART_IntConfig                          0x00002935   Thumb Code    16  ht32f5xxxx_usart.o(i.USART_IntConfig)
    USART_ReceiveData                        0x00002945   Thumb Code     6  ht32f5xxxx_usart.o(i.USART_ReceiveData)
    USART_SendData                           0x0000294b   Thumb Code     4  ht32f5xxxx_usart.o(i.USART_SendData)
    USART_TxRxCmd                            0x0000294f   Thumb Code    20  ht32f5xxxx_usart.o(i.USART_TxRxCmd)
    Usart_SendStr                            0x00002963   Thumb Code    28  usart1.o(i.Usart_SendStr)
    Usart_Sendbyte                           0x00002981   Thumb Code    24  usart1.o(i.Usart_Sendbyte)
    __0printf                                0x0000299d   Thumb Code    24  printfa.o(i.__0printf)
    __1printf                                0x0000299d   Thumb Code     0  printfa.o(i.__0printf)
    __2printf                                0x0000299d   Thumb Code     0  printfa.o(i.__0printf)
    __c89printf                              0x0000299d   Thumb Code     0  printfa.o(i.__0printf)
    printf                                   0x0000299d   Thumb Code     0  printfa.o(i.__0printf)
    __0sprintf                               0x000029bd   Thumb Code    36  printfa.o(i.__0sprintf)
    __1sprintf                               0x000029bd   Thumb Code     0  printfa.o(i.__0sprintf)
    __2sprintf                               0x000029bd   Thumb Code     0  printfa.o(i.__0sprintf)
    __c89sprintf                             0x000029bd   Thumb Code     0  printfa.o(i.__0sprintf)
    sprintf                                  0x000029bd   Thumb Code     0  printfa.o(i.__0sprintf)
    __ARM_clz                                0x000029e5   Thumb Code    46  depilogue.o(i.__ARM_clz)
    __ARM_common_switch8                     0x00002a13   Thumb Code    26  ht32f5xxxx_ckcu.o(i.__ARM_common_switch8)
    __ARM_fpclassify                         0x00002a2d   Thumb Code    40  fpclassify.o(i.__ARM_fpclassify)
    __kernel_poly                            0x00002a59   Thumb Code   172  poly.o(i.__kernel_poly)
    __mathlib_dbl_divzero                    0x00002b05   Thumb Code    16  dunder.o(i.__mathlib_dbl_divzero)
    __mathlib_dbl_infnan2                    0x00002b19   Thumb Code     8  dunder.o(i.__mathlib_dbl_infnan2)
    __mathlib_dbl_invalid                    0x00002b21   Thumb Code    16  dunder.o(i.__mathlib_dbl_invalid)
    __mathlib_dbl_overflow                   0x00002b31   Thumb Code    16  dunder.o(i.__mathlib_dbl_overflow)
    __mathlib_dbl_underflow                  0x00002b45   Thumb Code    14  dunder.o(i.__mathlib_dbl_underflow)
    __scatterload_copy                       0x00002b59   Thumb Code    14  handlers.o(i.__scatterload_copy)
    __scatterload_null                       0x00002b67   Thumb Code     2  handlers.o(i.__scatterload_null)
    __scatterload_zeroinit                   0x00002b69   Thumb Code    14  handlers.o(i.__scatterload_zeroinit)
    __set_errno                              0x00002b79   Thumb Code     6  errno.o(i.__set_errno)
    delay_ms                                 0x00003421   Thumb Code    70  systick.o(i.delay_ms)
    delay_us                                 0x00003471   Thumb Code    68  systick.o(i.delay_us)
    fputc                                    0x000034c1   Thumb Code    30  usart1.o(i.fputc)
    main                                     0x000034e5   Thumb Code   724  main.o(i.main)
    pow                                      0x00003939   Thumb Code  2428  pow.o(i.pow)
    sht30_crc8_check                         0x000042b9   Thumb Code    58  sht3x_iic.o(i.sht30_crc8_check)
    sqrt                                     0x000042f5   Thumb Code    66  sqrt.o(i.sqrt)
    HelloString                              0x0000433c   Data          78  main.o(.constdata)
    LED_GPIO_ID                              0x0000438c   Data           3  led.o(.constdata)
    LED_AFIO_MODE                            0x0000438f   Data           3  led.o(.constdata)
    LED_GPIO_PIN                             0x00004392   Data           6  led.o(.constdata)
    GPIO_PORT                                0x00004398   Data          24  led.o(.constdata)
    F6x8                                     0x000043b0   Data         552  oled_spi.o(.constdata)
    TX_ADDRESS                               0x000045d8   Data           5  nrf24_spi.o(.constdata)
    RX_ADDRESS                               0x000045dd   Data           5  nrf24_spi.o(.constdata)
    __mathlib_zero                           0x00004670   Data           8  qnan.o(.constdata)
    Region$$Table$$Base                      0x00004678   Number         0  anon$$obj.o(Region$$Table)
    Region$$Table$$Limit                     0x00004698   Number         0  anon$$obj.o(Region$$Table)
    ID                                       0x20000000   Data           1  main.o(.data)
    nrf1_send_ctr                            0x20000001   Data           1  main.o(.data)
    nrf2_send_ctr                            0x20000002   Data           1  main.o(.data)
    co2Data                                  0x20000004   Data           2  main.o(.data)
    TVOCData                                 0x20000006   Data           2  main.o(.data)
    count                                    0x20000008   Data           4  main.o(.data)
    sh_temp                                  0x2000000c   Data           4  main.o(.data)
    sh_humi                                  0x20000010   Data           4  main.o(.data)
    bmp_temp                                 0x20000014   Data           4  main.o(.data)
    bmp_pres                                 0x20000018   Data           4  main.o(.data)
    bmp_altitide                             0x2000001c   Data           4  main.o(.data)
    dat                                      0x20000020   Data           4  main.o(.data)
    light                                    0x20000024   Data           4  main.o(.data)
    URTxBuf                                  0x20000028   Data         128  ht32f5xxxx_01_it.o(.data)
    URTxWriteIndex                           0x200000a8   Data           4  ht32f5xxxx_01_it.o(.data)
    URRxWriteIndex                           0x200000ac   Data           4  ht32f5xxxx_01_it.o(.data)
    SystemCoreClock                          0x200000b4   Data           4  system_ht32f5xxxx_01.o(.data)
    USART_RX_STA                             0x200000bc   Data           2  usart1.o(.data)
    SHT_Temp                                 0x200000c0   Data           8  sht3x_iic.o(.data)
    SHT_Humi                                 0x200000c8   Data           8  sht3x_iic.o(.data)
    COM0_RX_STA                              0x200000d0   Data           2  esp8266.o(.data)
    __stdout                                 0x200000d4   Data           4  stdout.o(.data)
    OLED_Buf                                 0x200000dc   Data          32  main.o(.bss)
    NRF_Buf1                                 0x200000fc   Data          32  main.o(.bss)
    NRF_Buf2                                 0x2000011c   Data          32  main.o(.bss)
    URRxBuf                                  0x2000013c   Data         128  ht32f5xxxx_01_it.o(.bss)
    USART_RX_BUF                             0x200001bc   Data         200  usart1.o(.bss)
    bmp180                                   0x20000284   Data          68  bmp180_iic.o(.bss)
    COM0_RX_BUF                              0x200002c8   Data         200  esp8266.o(.bss)
    __HT_check_sp                            0x20000390   Data           0  startup_ht32f5xxxx_01.o(STACK)
    __initial_sp                             0x20000590   Data           0  startup_ht32f5xxxx_01.o(STACK)



==============================================================================

Memory Map of the image

  Image Entry point : 0x000000c1

  Load Region LR_1 (Base: 0x00000000, Size: 0x00004774, Max: 0xffffffff, ABSOLUTE)

    Execution Region ER_RO (Base: 0x00000000, Size: 0x00004698, Max: 0xffffffff, ABSOLUTE)

    Base Addr    Size         Type   Attr      Idx    E Section Name        Object

    0x00000000   0x00000164   Code   RO          380  * RESET               startup_ht32f5xxxx_01.o
    0x00000164   0x00000000   Code   RO         3968  * .ARM.Collect$$$$00000000  mc_p.l(entry.o)
    0x00000164   0x00000004   Code   RO         4283    .ARM.Collect$$$$00000001  mc_p.l(entry2.o)
    0x00000168   0x00000004   Code   RO         4286    .ARM.Collect$$$$00000004  mc_p.l(entry5.o)
    0x0000016c   0x00000000   Code   RO         4288    .ARM.Collect$$$$00000008  mc_p.l(entry7b.o)
    0x0000016c   0x00000000   Code   RO         4290    .ARM.Collect$$$$0000000A  mc_p.l(entry8b.o)
    0x0000016c   0x00000008   Code   RO         4291    .ARM.Collect$$$$0000000B  mc_p.l(entry9a.o)
    0x00000174   0x00000000   Code   RO         4293    .ARM.Collect$$$$0000000D  mc_p.l(entry10a.o)
    0x00000174   0x00000000   Code   RO         4295    .ARM.Collect$$$$0000000F  mc_p.l(entry11a.o)
    0x00000174   0x00000004   Code   RO         4284    .ARM.Collect$$$$00002712  mc_p.l(entry2.o)
    0x00000178   0x0000002c   Code   RO         3971    .text               mc_p.l(uidiv.o)
    0x000001a4   0x00000028   Code   RO         3973    .text               mc_p.l(idiv.o)
    0x000001cc   0x00000024   Code   RO         3975    .text               mc_p.l(memcpya.o)
    0x000001f0   0x00000024   Code   RO         3977    .text               mc_p.l(memseta.o)
    0x00000214   0x00000164   Code   RO         4242    .text               mf_p.l(dadd.o)
    0x00000378   0x000000d0   Code   RO         4244    .text               mf_p.l(dmul.o)
    0x00000448   0x000000f0   Code   RO         4246    .text               mf_p.l(ddiv.o)
    0x00000538   0x00000028   Code   RO         4248    .text               mf_p.l(dflti.o)
    0x00000560   0x0000001c   Code   RO         4250    .text               mf_p.l(dfltui.o)
    0x0000057c   0x00000028   Code   RO         4252    .text               mf_p.l(f2d.o)
    0x000005a4   0x00000038   Code   RO         4254    .text               mf_p.l(d2f.o)
    0x000005dc   0x00000060   Code   RO         4298    .text               mc_p.l(uldiv.o)
    0x0000063c   0x00000020   Code   RO         4300    .text               mc_p.l(llshl.o)
    0x0000065c   0x00000026   Code   RO         4302    .text               mc_p.l(llsshr.o)
    0x00000682   0x00000000   Code   RO         4311    .text               mc_p.l(iusefp.o)
    0x00000682   0x00000082   Code   RO         4312    .text               mf_p.l(fepilogue.o)
    0x00000704   0x000000be   Code   RO         4314    .text               mf_p.l(depilogue.o)
    0x000007c2   0x0000002c   Code   RO         4318    .text               mf_p.l(dscalb.o)
    0x000007ee   0x00000002   PAD
    0x000007f0   0x00000040   Code   RO         4320    .text               mf_p.l(dfixul.o)
    0x00000830   0x00000028   Code   RO         4322    .text               mf_p.l(cdrcmple.o)
    0x00000858   0x00000024   Code   RO         4324    .text               mc_p.l(init.o)
    0x0000087c   0x00000022   Code   RO         4326    .text               mc_p.l(llushr.o)
    0x0000089e   0x000000a2   Code   RO         4328    .text               mf_p.l(dsqrt.o)
    0x00000940   0x00000058   Code   RO         1230    i.AFIO_GPxConfig    ht32f5xxxx_gpio.o
    0x00000998   0x00000080   Code   RO            3    i.APP_Configuration  main.o
    0x00000a18   0x0000002c   Code   RO         3516    i.BH1750_Init       bh1750_iic.o
    0x00000a44   0x00000034   Code   RO         3517    i.BH1750_Read_Coversion  bh1750_iic.o
    0x00000a78   0x00000050   Code   RO         3518    i.BH_IIC_Ack        bh1750_iic.o
    0x00000ac8   0x00000070   Code   RO         3519    i.BH_IIC_Init       bh1750_iic.o
    0x00000b38   0x00000050   Code   RO         3520    i.BH_IIC_NAck       bh1750_iic.o
    0x00000b88   0x00000088   Code   RO         3521    i.BH_IIC_Read_Byte  bh1750_iic.o
    0x00000c10   0x0000007c   Code   RO         3522    i.BH_IIC_Send_Byte  bh1750_iic.o
    0x00000c8c   0x00000044   Code   RO         3523    i.BH_IIC_Start      bh1750_iic.o
    0x00000cd0   0x00000050   Code   RO         3524    i.BH_IIC_Stop       bh1750_iic.o
    0x00000d20   0x00000098   Code   RO         3525    i.BH_IIC_Wait_Ack   bh1750_iic.o
    0x00000db8   0x00000130   Code   RO         3605    i.BMP180_Convert    bmp180_iic.o
    0x00000ee8   0x0000004c   Code   RO         3606    i.BMP_IIC_Ack       bmp180_iic.o
    0x00000f34   0x0000006c   Code   RO         3607    i.BMP_IIC_Init      bmp180_iic.o
    0x00000fa0   0x0000004c   Code   RO         3608    i.BMP_IIC_NAck      bmp180_iic.o
    0x00000fec   0x00000084   Code   RO         3609    i.BMP_IIC_Read_Byte  bmp180_iic.o
    0x00001070   0x00000074   Code   RO         3610    i.BMP_IIC_Send_Byte  bmp180_iic.o
    0x000010e4   0x0000004c   Code   RO         3611    i.BMP_IIC_Start     bmp180_iic.o
    0x00001130   0x0000004c   Code   RO         3612    i.BMP_IIC_Stop      bmp180_iic.o
    0x0000117c   0x00000094   Code   RO         3613    i.BMP_IIC_Wait_Ack  bmp180_iic.o
    0x00001210   0x0000000c   Code   RO         3614    i.BMP_Init          bmp180_iic.o
    0x0000121c   0x00000064   Code   RO         3615    i.BMP_ReadCalibrationData  bmp180_iic.o
    0x00001280   0x0000003a   Code   RO         3616    i.BMP_ReadOneByte   bmp180_iic.o
    0x000012ba   0x00000046   Code   RO         3617    i.BMP_ReadTwoByte   bmp180_iic.o
    0x00001300   0x0000001a   Code   RO         3618    i.BMP_Read_UP       bmp180_iic.o
    0x0000131a   0x0000001a   Code   RO         3619    i.BMP_Read_UT       bmp180_iic.o
    0x00001334   0x0000002e   Code   RO         3620    i.BMP_WriteOneByte  bmp180_iic.o
    0x00001362   0x00000002   PAD
    0x00001364   0x0000006c   Code   RO          672    i.CKCU_GetClocksFrequency  ht32f5xxxx_ckcu.o
    0x000013d0   0x0000003c   Code   RO          674    i.CKCU_GetPLLFrequency  ht32f5xxxx_ckcu.o
    0x0000140c   0x00000034   Code   RO          675    i.CKCU_GetPeripFrequency  ht32f5xxxx_ckcu.o
    0x00001440   0x00000028   Code   RO          690    i.CKCU_PeripClockConfig  ht32f5xxxx_ckcu.o
    0x00001468   0x00000070   Code   RO         3283    i.COM1_Configuration  usart1.o
    0x000014d8   0x00000010   Code   RO         1233    i.GPIO_DirectionConfig  ht32f5xxxx_gpio.o
    0x000014e8   0x00000030   Code   RO         1235    i.GPIO_DriveConfig  ht32f5xxxx_gpio.o
    0x00001518   0x00000010   Code   RO         1237    i.GPIO_InputConfig  ht32f5xxxx_gpio.o
    0x00001528   0x0000002a   Code   RO         1242    i.GPIO_PullResistorConfig  ht32f5xxxx_gpio.o
    0x00001552   0x0000000a   Code   RO         1243    i.GPIO_ReadInBit    ht32f5xxxx_gpio.o
    0x0000155c   0x0000000c   Code   RO         1248    i.GPIO_WriteOutBits  ht32f5xxxx_gpio.o
    0x00001568   0x0000008c   Code   RO         3199    i.HT32F_LEDInit     led.o
    0x000015f4   0x00000018   Code   RO         3200    i.HT32F_LEDOff      led.o
    0x0000160c   0x00000018   Code   RO         3201    i.HT32F_LEDOn       led.o
    0x00001624   0x00000010   Code   RO          220    i.HardFault_Handler  ht32f5xxxx_01_it.o
    0x00001634   0x00000032   Code   RO         3526    i.Multiple_read_BH1750  bh1750_iic.o
    0x00001666   0x00000002   Code   RO          221    i.NMI_Handler       ht32f5xxxx_01_it.o
    0x00001668   0x0000004c   Code   RO         3832    i.NRF24L01_Check    nrf24_spi.o
    0x000016b4   0x00000080   Code   RO         3833    i.NRF24L01_Init     nrf24_spi.o
    0x00001734   0x00000040   Code   RO         3835    i.NRF24L01_Read_Buf  nrf24_spi.o
    0x00001774   0x00000030   Code   RO         3836    i.NRF24L01_Read_Reg  nrf24_spi.o
    0x000017a4   0x0000006c   Code   RO         3838    i.NRF24L01_TX_Mode  nrf24_spi.o
    0x00001810   0x00000068   Code   RO         3839    i.NRF24L01_TxPacket  nrf24_spi.o
    0x00001878   0x00000040   Code   RO         3840    i.NRF24L01_Write_Buf  nrf24_spi.o
    0x000018b8   0x00000034   Code   RO         3841    i.NRF24L01_Write_Reg  nrf24_spi.o
    0x000018ec   0x0000000c   Code   RO            4    i.NVIC_Configuration  main.o
    0x000018f8   0x00000014   Code   RO          389    i.NVIC_SetVectorTable  ht32_cm0plus_misc.o
    0x0000190c   0x0000003c   Code   RO         3724    i.OLED_Clear        oled_spi.o
    0x00001948   0x00000184   Code   RO         3728    i.OLED_Init         oled_spi.o
    0x00001acc   0x00000028   Code   RO         3729    i.OLED_Set_Pos      oled_spi.o
    0x00001af4   0x00000038   Code   RO         3730    i.OLED_ShowChar     oled_spi.o
    0x00001b2c   0x0000002e   Code   RO         3733    i.OLED_ShowString   oled_spi.o
    0x00001b5a   0x00000002   PAD
    0x00001b5c   0x00000048   Code   RO         3734    i.OLED_WR_Byte      oled_spi.o
    0x00001ba4   0x00000002   Code   RO          222    i.PendSV_Handler    ht32f5xxxx_01_it.o
    0x00001ba6   0x00000010   Code   RO         3429    i.SGP30_Init        sgp30_iic.o
    0x00001bb6   0x00000042   Code   RO         3430    i.SGP30_ad_read     sgp30_iic.o
    0x00001bf8   0x00000034   Code   RO         3431    i.SGP30_ad_write    sgp30_iic.o
    0x00001c2c   0x00000050   Code   RO         3432    i.SGP_IIC_Ack       sgp30_iic.o
    0x00001c7c   0x0000006c   Code   RO         3433    i.SGP_IIC_Init      sgp30_iic.o
    0x00001ce8   0x00000050   Code   RO         3434    i.SGP_IIC_NAck      sgp30_iic.o
    0x00001d38   0x0000008c   Code   RO         3435    i.SGP_IIC_Read_Byte  sgp30_iic.o
    0x00001dc4   0x00000080   Code   RO         3436    i.SGP_IIC_Send_Byte  sgp30_iic.o
    0x00001e44   0x00000044   Code   RO         3437    i.SGP_IIC_Start     sgp30_iic.o
    0x00001e88   0x0000004c   Code   RO         3438    i.SGP_IIC_Stop      sgp30_iic.o
    0x00001ed4   0x00000098   Code   RO         3439    i.SGP_IIC_Wait_Ack  sgp30_iic.o
    0x00001f6c   0x00000050   Code   RO         3343    i.SHT_IIC_Ack       sht3x_iic.o
    0x00001fbc   0x0000006c   Code   RO         3344    i.SHT_IIC_Init      sht3x_iic.o
    0x00002028   0x00000050   Code   RO         3345    i.SHT_IIC_NAck      sht3x_iic.o
    0x00002078   0x0000008c   Code   RO         3346    i.SHT_IIC_Read_Byte  sht3x_iic.o
    0x00002104   0x0000007c   Code   RO         3347    i.SHT_IIC_Send_Byte  sht3x_iic.o
    0x00002180   0x00000044   Code   RO         3348    i.SHT_IIC_Start     sht3x_iic.o
    0x000021c4   0x0000004c   Code   RO         3349    i.SHT_IIC_Stop      sht3x_iic.o
    0x00002210   0x00000098   Code   RO         3350    i.SHT_IIC_Wait_Ack  sht3x_iic.o
    0x000022a8   0x00000050   Code   RO         3842    i.SPI1_ReadWriteByte  nrf24_spi.o
    0x000022f8   0x00000010   Code   RO         3843    i.SPI1_SetSpeed     nrf24_spi.o
    0x00002308   0x000000a8   Code   RO         3735    i.SPI_APIO_Config   oled_spi.o
    0x000023b0   0x00000088   Code   RO         3844    i.SPI_APIO_Config   nrf24_spi.o
    0x00002438   0x00000014   Code   RO         2199    i.SPI_Cmd           ht32f5xxxx_spi.o
    0x0000244c   0x0000000e   Code   RO         2207    i.SPI_GetFlagStatus  ht32f5xxxx_spi.o
    0x0000245a   0x00000048   Code   RO         2208    i.SPI_Init          ht32f5xxxx_spi.o
    0x000024a2   0x00000002   PAD
    0x000024a4   0x00000034   Code   RO         3736    i.SPI_OLED_SendByte  oled_spi.o
    0x000024d8   0x00000006   Code   RO         2211    i.SPI_ReceiveData   ht32f5xxxx_spi.o
    0x000024de   0x00000012   Code   RO         2214    i.SPI_SELOutputCmd  ht32f5xxxx_spi.o
    0x000024f0   0x00000004   Code   RO         2215    i.SPI_SendData      ht32f5xxxx_spi.o
    0x000024f4   0x00000002   Code   RO          223    i.SVC_Handler       ht32f5xxxx_01_it.o
    0x000024f6   0x00000002   PAD
    0x000024f8   0x00000018   Code   RO          392    i.SYSTICK_ClockSourceConfig  ht32_cm0plus_misc.o
    0x00002510   0x00000024   Code   RO          393    i.SYSTICK_CounterCmd  ht32_cm0plus_misc.o
    0x00002534   0x00000018   Code   RO          394    i.SYSTICK_IntConfig  ht32_cm0plus_misc.o
    0x0000254c   0x0000000c   Code   RO          395    i.SYSTICK_SetReloadValue  ht32_cm0plus_misc.o
    0x00002558   0x00000024   Code   RO         3351    i.Sht3x_Init        sht3x_iic.o
    0x0000257c   0x00000022   Code   RO         3527    i.Single_Write_BH1750  bh1750_iic.o
    0x0000259e   0x00000002   PAD
    0x000025a0   0x00000108   Code   RO         3352    i.Sth3x_ReadResult  sht3x_iic.o
    0x000026a8   0x00000008   Code   RO          224    i.SysTick_Handler   ht32f5xxxx_01_it.o
    0x000026b0   0x000000fc   Code   RO          287    i.SystemInit        system_ht32f5xxxx_01.o
    0x000027ac   0x00000014   Code   RO         3243    i.TimingDelay_Decrement  systick.o
    0x000027c0   0x00000060   Code   RO          225    i.USART0_IRQHandler  ht32f5xxxx_01_it.o
    0x00002820   0x00000084   Code   RO          226    i.USART1_IRQHandler  ht32f5xxxx_01_it.o
    0x000028a4   0x0000000a   Code   RO         2666    i.USART_GetFlagStatus  ht32f5xxxx_usart.o
    0x000028ae   0x00000002   PAD
    0x000028b0   0x00000084   Code   RO         2668    i.USART_Init        ht32f5xxxx_usart.o
    0x00002934   0x00000010   Code   RO         2669    i.USART_IntConfig   ht32f5xxxx_usart.o
    0x00002944   0x00000006   Code   RO         2678    i.USART_ReceiveData  ht32f5xxxx_usart.o
    0x0000294a   0x00000004   Code   RO         2679    i.USART_SendData    ht32f5xxxx_usart.o
    0x0000294e   0x00000014   Code   RO         2690    i.USART_TxRxCmd     ht32f5xxxx_usart.o
    0x00002962   0x0000001c   Code   RO         3285    i.Usart_SendStr     usart1.o
    0x0000297e   0x00000002   PAD
    0x00002980   0x0000001c   Code   RO         3286    i.Usart_Sendbyte    usart1.o
    0x0000299c   0x00000020   Code   RO         4214    i.__0printf         mc_p.l(printfa.o)
    0x000029bc   0x00000028   Code   RO         4216    i.__0sprintf        mc_p.l(printfa.o)
    0x000029e4   0x0000002e   Code   RO         4316    i.__ARM_clz         mf_p.l(depilogue.o)
    0x00002a12   0x0000001a   Code   RO          863    i.__ARM_common_switch8  ht32f5xxxx_ckcu.o
    0x00002a2c   0x0000002c   Code   RO         4270    i.__ARM_fpclassify  m_ps.l(fpclassify.o)
    0x00002a58   0x000000ac   Code   RO         4272    i.__kernel_poly     m_ps.l(poly.o)
    0x00002b04   0x00000014   Code   RO         4256    i.__mathlib_dbl_divzero  m_ps.l(dunder.o)
    0x00002b18   0x00000008   Code   RO         4258    i.__mathlib_dbl_infnan2  m_ps.l(dunder.o)
    0x00002b20   0x00000010   Code   RO         4259    i.__mathlib_dbl_invalid  m_ps.l(dunder.o)
    0x00002b30   0x00000014   Code   RO         4260    i.__mathlib_dbl_overflow  m_ps.l(dunder.o)
    0x00002b44   0x00000014   Code   RO         4262    i.__mathlib_dbl_underflow  m_ps.l(dunder.o)
    0x00002b58   0x0000000e   Code   RO         4334    i.__scatterload_copy  mc_p.l(handlers.o)
    0x00002b66   0x00000002   Code   RO         4335    i.__scatterload_null  mc_p.l(handlers.o)
    0x00002b68   0x0000000e   Code   RO         4336    i.__scatterload_zeroinit  mc_p.l(handlers.o)
    0x00002b76   0x00000002   PAD
    0x00002b78   0x0000000c   Code   RO         4306    i.__set_errno       mc_p.l(errno.o)
    0x00002b84   0x00000158   Code   RO         4221    i._fp_digits        mc_p.l(printfa.o)
    0x00002cdc   0x000006ec   Code   RO         4222    i._printf_core      mc_p.l(printfa.o)
    0x000033c8   0x00000020   Code   RO         4223    i._printf_post_padding  mc_p.l(printfa.o)
    0x000033e8   0x0000002c   Code   RO         4224    i._printf_pre_padding  mc_p.l(printfa.o)
    0x00003414   0x0000000a   Code   RO         4226    i._sputc            mc_p.l(printfa.o)
    0x0000341e   0x00000002   PAD
    0x00003420   0x00000050   Code   RO         3244    i.delay_ms          systick.o
    0x00003470   0x00000050   Code   RO         3245    i.delay_us          systick.o
    0x000034c0   0x00000024   Code   RO         3288    i.fputc             usart1.o
    0x000034e4   0x00000454   Code   RO            5    i.main              main.o
    0x00003938   0x00000980   Code   RO         3959    i.pow               m_ps.l(pow.o)
    0x000042b8   0x0000003a   Code   RO         3353    i.sht30_crc8_check  sht3x_iic.o
    0x000042f2   0x00000002   PAD
    0x000042f4   0x00000048   Code   RO         4276    i.sqrt              m_ps.l(sqrt.o)
    0x0000433c   0x0000004e   Data   RO            7    .constdata          main.o
    0x0000438a   0x00000002   PAD
    0x0000438c   0x00000024   Data   RO         3203    .constdata          led.o
    0x000043b0   0x00000228   Data   RO         3738    .constdata          oled_spi.o
    0x000045d8   0x0000000a   Data   RO         3845    .constdata          nrf24_spi.o
    0x000045e2   0x00000006   PAD
    0x000045e8   0x00000088   Data   RO         3960    .constdata          m_ps.l(pow.o)
    0x00004670   0x00000008   Data   RO         4274    .constdata          m_ps.l(qnan.o)
    0x00004678   0x00000020   Data   RO         4332    Region$$Table       anon$$obj.o


    Execution Region ER_RW (Base: 0x20000000, Size: 0x000000dc, Max: 0xffffffff, ABSOLUTE)

    Base Addr    Size         Type   Attr      Idx    E Section Name        Object

    0x20000000   0x00000028   Data   RW            8    .data               main.o
    0x20000028   0x00000080   Data   RW          228    .data               ht32f5xxxx_01_it.o
    0x200000a8   0x00000004   Data   RW          230    .data               ht32f5xxxx_01_it.o
    0x200000ac   0x00000008   Data   RW          231    .data               ht32f5xxxx_01_it.o
    0x200000b4   0x00000004   Data   RW          288    .data               system_ht32f5xxxx_01.o
    0x200000b8   0x00000004   Data   RW         3246    .data               systick.o
    0x200000bc   0x00000002   Data   RW         3290    .data               usart1.o
    0x200000be   0x00000002   PAD
    0x200000c0   0x00000010   Data   RW         3354    .data               sht3x_iic.o
    0x200000d0   0x00000002   Data   RW         3930    .data               esp8266.o
    0x200000d2   0x00000002   PAD
    0x200000d4   0x00000004   Data   RW         4297    .data               mc_p.l(stdout.o)
    0x200000d8   0x00000004   Data   RW         4307    .data               mc_p.l(errno.o)


    Execution Region ER_ZI (Base: 0x200000dc, Size: 0x000004b4, Max: 0xffffffff, ABSOLUTE)

    Base Addr    Size         Type   Attr      Idx    E Section Name        Object

    0x200000dc   0x00000060   Zero   RW            6    .bss                main.o
    0x2000013c   0x00000080   Zero   RW          227    .bss                ht32f5xxxx_01_it.o
    0x200001bc   0x000000c8   Zero   RW         3289    .bss                usart1.o
    0x20000284   0x00000044   Zero   RW         3621    .bss                bmp180_iic.o
    0x200002c8   0x000000c8   Zero   RW         3929    .bss                esp8266.o
    0x20000390   0x00000200   Zero   RW          378    STACK               startup_ht32f5xxxx_01.o


==============================================================================

Image component sizes


      Code (inc. data)   RO Data    RW Data    ZI Data      Debug   Object Name

      1012        116          0          0          0       5929   bh1750_iic.o
      1450        116          0          0         68       9570   bmp180_iic.o
         0          0          0          2        200        586   esp8266.o
       116         26          0          0          0       2260   ht32_cm0plus_misc.o
       258         34          0        140        128       3565   ht32f5xxxx_01_it.o
       286         40          0          0          0       4616   ht32f5xxxx_ckcu.o
       232          6          0          0          0       4033   ht32f5xxxx_gpio.o
       134          0          0          0          0       3309   ht32f5xxxx_spi.o
       188         18          0          0          0       3802   ht32f5xxxx_usart.o
       188         12         36          0          0       2540   led.o
      1248        436         78         40         96      48600   main.o
       876         78         10          0          0       6043   nrf24_spi.o
       882         44        552          0          0       4953   oled_spi.o
       966         64          0          0          0       5440   sgp30_iic.o
      1186         94          0         16          0       5973   sht3x_iic.o
       356        238          0          0        512        660   startup_ht32f5xxxx_01.o
       252         20          0          4          0       1703   system_ht32f5xxxx_01.o
       180         26          0          4          0       1374   systick.o
       204         20          0          2        200       8222   usart1.o

    ----------------------------------------------------------------------
     10030       1388        716        212       1204     123178   Object Totals
         0          0         32          0          0          0   (incl. Generated)
        16          0          8          4          0          0   (incl. Padding)

    ----------------------------------------------------------------------

      Code (inc. data)   RO Data    RW Data    ZI Data      Debug   Library Member Name

        84         14          0          0          0        340   dunder.o
        44          4          0          0          0         60   fpclassify.o
       172          0          0          0          0         76   poly.o
      2432        202        136          0          0        208   pow.o
         0          0          8          0          0          0   qnan.o
        72          6          0          0          0         76   sqrt.o
         0          0          0          0          0          0   entry.o
         0          0          0          0          0          0   entry10a.o
         0          0          0          0          0          0   entry11a.o
         8          4          0          0          0          0   entry2.o
         4          0          0          0          0          0   entry5.o
         0          0          0          0          0          0   entry7b.o
         0          0          0          0          0          0   entry8b.o
         8          4          0          0          0          0   entry9a.o
        12          6          0          4          0         60   errno.o
        30          0          0          0          0          0   handlers.o
        40          0          0          0          0         72   idiv.o
        36          8          0          0          0         68   init.o
         0          0          0          0          0          0   iusefp.o
        32          0          0          0          0         68   llshl.o
        38          0          0          0          0         68   llsshr.o
        34          0          0          0          0         68   llushr.o
        36          0          0          0          0         60   memcpya.o
        36          0          0          0          0        100   memseta.o
      2274        102          0          0          0        556   printfa.o
         0          0          0          4          0          0   stdout.o
        44          0          0          0          0         72   uidiv.o
        96          0          0          0          0         84   uldiv.o
        40          2          0          0          0         68   cdrcmple.o
        56          0          0          0          0         68   d2f.o
       356          4          0          0          0        140   dadd.o
       240          6          0          0          0         84   ddiv.o
       236          0          0          0          0        216   depilogue.o
        64         10          0          0          0         68   dfixul.o
        40          6          0          0          0         68   dflti.o
        28          4          0          0          0         68   dfltui.o
       208          6          0          0          0         88   dmul.o
        44          0          0          0          0         72   dscalb.o
       162          0          0          0          0         80   dsqrt.o
        40          0          0          0          0         60   f2d.o
       130          0          0          0          0        144   fepilogue.o

    ----------------------------------------------------------------------
      7182        388        144          8          0       3260   Library Totals
         6          0          0          0          0          0   (incl. Padding)

    ----------------------------------------------------------------------

      Code (inc. data)   RO Data    RW Data    ZI Data      Debug   Library Name

      2804        226        144          0          0        760   m_ps.l
      2728        124          0          8          0       1276   mc_p.l
      1644         38          0          0          0       1224   mf_p.l

    ----------------------------------------------------------------------
      7182        388        144          8          0       3260   Library Totals

    ----------------------------------------------------------------------

==============================================================================


      Code (inc. data)   RO Data    RW Data    ZI Data      Debug   

     17212       1776        860        220       1204     119806   Grand Totals
     17212       1776        860        220       1204     119806   ELF Image Totals
     17212       1776        860        220          0          0   ROM Totals

==============================================================================

    Total RO  Size (Code + RO Data)                18072 (  17.65kB)
    Total RW  Size (RW Data + ZI Data)              1424 (   1.39kB)
    Total ROM Size (Code + RO Data + RW Data)      18292 (  17.86kB)

==============================================================================

